[0.006s] Invoking command in '/home/dss/ros2_ws/build/dss_ros2_bridge': CMAKE_PREFIX_PATH=/opt/ros/humble /usr/bin/cmake --build /home/dss/ros2_ws/build/dss_ros2_bridge -- -j24 -l24
[0.028s] [35m[1mConsolidate compiler generated dependencies of target dss_ros2_bridge__rosidl_generator_c[0m
[0.033s] [  1%] Built target dss_ros2_bridge__cpp
[0.033s] [  7%] Built target dss_ros2_bridge__rosidl_generator_c
[0.037s] [  7%] Built target ament_cmake_python_copy_dss_ros2_bridge
[0.037s] [35m[1mConsolidate compiler generated dependencies of target dss_ros2_bridge__rosidl_typesupport_cpp[0m
[0.038s] [35m[1mConsolidate compiler generated dependencies of target dss_ros2_bridge__rosidl_typesupport_fastrtps_cpp[0m
[0.038s] [35m[1mConsolidate compiler generated dependencies of target dss_ros2_bridge__rosidl_typesupport_introspection_c[0m
[0.038s] [35m[1mConsolidate compiler generated dependencies of target dss_ros2_bridge__rosidl_typesupport_c[0m
[0.038s] [35m[1mConsolidate compiler generated dependencies of target dss_ros2_bridge__rosidl_typesupport_introspection_cpp[0m
[0.042s] [35m[1mConsolidate compiler generated dependencies of target dss_ros2_bridge__rosidl_typesupport_fastrtps_c[0m
[0.043s] [ 12%] Built target dss_ros2_bridge__rosidl_typesupport_introspection_c
[0.043s] [ 17%] Built target dss_ros2_bridge__rosidl_typesupport_cpp
[0.044s] [ 23%] Built target dss_ros2_bridge__rosidl_typesupport_fastrtps_cpp
[0.044s] [ 28%] Built target dss_ros2_bridge__rosidl_typesupport_introspection_cpp
[0.045s] [ 33%] Built target dss_ros2_bridge__rosidl_typesupport_c
[0.049s] [ 39%] Built target dss_ros2_bridge__rosidl_typesupport_fastrtps_c
[0.049s] [35m[1mConsolidate compiler generated dependencies of target DSSToROSIMUNode[0m
[0.049s] [35m[1mConsolidate compiler generated dependencies of target DSSToROSClockNode[0m
[0.049s] [35m[1mConsolidate compiler generated dependencies of target DSSToROSGpsNode[0m
[0.049s] [35m[1mConsolidate compiler generated dependencies of target DSSToROSPointCloudNode[0m
[0.050s] [35m[1mConsolidate compiler generated dependencies of target DSSToROSImageNode[0m
[0.052s] [35m[1mConsolidate compiler generated dependencies of target DSSDemoNode[0m
[0.057s] [ 41%] [32mBuilding CXX object CMakeFiles/DSSToROSPointCloudNode.dir/src/DSSToROSPointCloud.cpp.o[0m
[0.057s] [ 44%] [32mBuilding CXX object CMakeFiles/DSSToROSGpsNode.dir/src/DSSToROSGps.cpp.o[0m
[0.057s] [ 44%] [32mBuilding CXX object CMakeFiles/DSSToROSClockNode.dir/src/DSSToROSClock.cpp.o[0m
[0.057s] [ 46%] [32mBuilding CXX object CMakeFiles/DSSToROSImageNode.dir/src/DSSToROSImage.cpp.o[0m
[0.058s] [ 48%] [32mBuilding CXX object CMakeFiles/DSSToROSIMUNode.dir/src/DSSToROSIMU.cpp.o[0m
[0.060s] [ 48%] Built target dss_ros2_bridge
[0.065s] [ 57%] Built target DSSDemoNode
[0.070s] [ 58%] Built target dss_ros2_bridge__py
[0.076s] [35m[1mConsolidate compiler generated dependencies of target dss_ros2_bridge__rosidl_generator_py[0m
[0.082s] [ 62%] Built target dss_ros2_bridge__rosidl_generator_py
[0.087s] [35m[1mConsolidate compiler generated dependencies of target dss_ros2_bridge__rosidl_typesupport_introspection_c__pyext[0m
[0.087s] [35m[1mConsolidate compiler generated dependencies of target dss_ros2_bridge__rosidl_typesupport_fastrtps_c__pyext[0m
[0.089s] [35m[1mConsolidate compiler generated dependencies of target dss_ros2_bridge__rosidl_typesupport_c__pyext[0m
[0.095s] [ 66%] Built target dss_ros2_bridge__rosidl_typesupport_introspection_c__pyext
[0.096s] [ 69%] Built target dss_ros2_bridge__rosidl_typesupport_c__pyext
[0.097s] [ 73%] Built target dss_ros2_bridge__rosidl_typesupport_fastrtps_c__pyext
[0.174s] running egg_info
[0.175s] writing dss_ros2_bridge.egg-info/PKG-INFO
[0.175s] writing dependency_links to dss_ros2_bridge.egg-info/dependency_links.txt
[0.175s] writing top-level names to dss_ros2_bridge.egg-info/top_level.txt
[0.176s] reading manifest file 'dss_ros2_bridge.egg-info/SOURCES.txt'
[0.176s] writing manifest file 'dss_ros2_bridge.egg-info/SOURCES.txt'
[0.191s] [ 73%] Built target ament_cmake_python_build_dss_ros2_bridge_egg
[3.731s] [ 75%] [32m[1mLinking CXX executable DSSToROSClockNode[0m
[3.738s] [ 76%] [32m[1mLinking CXX executable DSSToROSGpsNode[0m
[3.783s] [ 78%] [32m[1mLinking CXX executable DSSToROSPointCloudNode[0m
[3.984s] [ 82%] Built target DSSToROSClockNode
[3.985s] [ 85%] Built target DSSToROSGpsNode
[4.025s] [ 89%] Built target DSSToROSPointCloudNode
[4.302s] [ 91%] [32m[1mLinking CXX executable DSSToROSImageNode[0m
[4.330s] [ 92%] [32m[1mLinking CXX executable DSSToROSIMUNode[0m
[4.544s] [ 96%] Built target DSSToROSIMUNode
[4.699s] [100%] Built target DSSToROSImageNode
[4.706s] Invoked command in '/home/dss/ros2_ws/build/dss_ros2_bridge' returned '0': CMAKE_PREFIX_PATH=/opt/ros/humble /usr/bin/cmake --build /home/dss/ros2_ws/build/dss_ros2_bridge -- -j24 -l24
[4.710s] Invoking command in '/home/dss/ros2_ws/build/dss_ros2_bridge': CMAKE_PREFIX_PATH=/opt/ros/humble /usr/bin/cmake --install /home/dss/ros2_ws/build/dss_ros2_bridge
[4.714s] -- Install configuration: ""
[4.714s] -- Installing: /home/dss/ros2_ws/install/dss_ros2_bridge/share/ament_index/resource_index/rosidl_interfaces/dss_ros2_bridge
[4.715s] -- Installing: /home/dss/ros2_ws/install/dss_ros2_bridge/include/dss_ros2_bridge/dss_ros2_bridge
[4.715s] -- Installing: /home/dss/ros2_ws/install/dss_ros2_bridge/include/dss_ros2_bridge/dss_ros2_bridge/msg
[4.715s] -- Installing: /home/dss/ros2_ws/install/dss_ros2_bridge/include/dss_ros2_bridge/dss_ros2_bridge/msg/rosidl_generator_c__visibility_control.h
[4.715s] -- Installing: /home/dss/ros2_ws/install/dss_ros2_bridge/include/dss_ros2_bridge/dss_ros2_bridge/msg/detail
[4.715s] -- Installing: /home/dss/ros2_ws/install/dss_ros2_bridge/include/dss_ros2_bridge/dss_ros2_bridge/msg/detail/dss_control__struct.h
[4.715s] -- Installing: /home/dss/ros2_ws/install/dss_ros2_bridge/include/dss_ros2_bridge/dss_ros2_bridge/msg/detail/dss_control__functions.c
[4.715s] -- Installing: /home/dss/ros2_ws/install/dss_ros2_bridge/include/dss_ros2_bridge/dss_ros2_bridge/msg/detail/dss_control__functions.h
[4.715s] -- Installing: /home/dss/ros2_ws/install/dss_ros2_bridge/include/dss_ros2_bridge/dss_ros2_bridge/msg/detail/dss_control__type_support.h
[4.715s] -- Installing: /home/dss/ros2_ws/install/dss_ros2_bridge/include/dss_ros2_bridge/dss_ros2_bridge/msg/dss_control.h
[4.715s] -- Installing: /home/dss/ros2_ws/install/dss_ros2_bridge/share/dss_ros2_bridge/environment/library_path.sh
[4.715s] -- Installing: /home/dss/ros2_ws/install/dss_ros2_bridge/share/dss_ros2_bridge/environment/library_path.dsv
[4.716s] -- Installing: /home/dss/ros2_ws/install/dss_ros2_bridge/lib/libdss_ros2_bridge__rosidl_generator_c.so
[4.716s] -- Set runtime path of "/home/dss/ros2_ws/install/dss_ros2_bridge/lib/libdss_ros2_bridge__rosidl_generator_c.so" to ""
[4.716s] -- Up-to-date: /home/dss/ros2_ws/install/dss_ros2_bridge/include/dss_ros2_bridge/dss_ros2_bridge
[4.716s] -- Up-to-date: /home/dss/ros2_ws/install/dss_ros2_bridge/include/dss_ros2_bridge/dss_ros2_bridge/msg
[4.716s] -- Installing: /home/dss/ros2_ws/install/dss_ros2_bridge/include/dss_ros2_bridge/dss_ros2_bridge/msg/rosidl_typesupport_fastrtps_c__visibility_control.h
[4.716s] -- Up-to-date: /home/dss/ros2_ws/install/dss_ros2_bridge/include/dss_ros2_bridge/dss_ros2_bridge/msg/detail
[4.716s] -- Installing: /home/dss/ros2_ws/install/dss_ros2_bridge/include/dss_ros2_bridge/dss_ros2_bridge/msg/detail/dss_control__rosidl_typesupport_fastrtps_c.h
[4.716s] -- Installing: /home/dss/ros2_ws/install/dss_ros2_bridge/lib/libdss_ros2_bridge__rosidl_typesupport_fastrtps_c.so
[4.716s] -- Set runtime path of "/home/dss/ros2_ws/install/dss_ros2_bridge/lib/libdss_ros2_bridge__rosidl_typesupport_fastrtps_c.so" to ""
[4.716s] -- Up-to-date: /home/dss/ros2_ws/install/dss_ros2_bridge/include/dss_ros2_bridge/dss_ros2_bridge
[4.716s] -- Up-to-date: /home/dss/ros2_ws/install/dss_ros2_bridge/include/dss_ros2_bridge/dss_ros2_bridge/msg
[4.716s] -- Installing: /home/dss/ros2_ws/install/dss_ros2_bridge/include/dss_ros2_bridge/dss_ros2_bridge/msg/dss_control.hpp
[4.716s] -- Installing: /home/dss/ros2_ws/install/dss_ros2_bridge/include/dss_ros2_bridge/dss_ros2_bridge/msg/rosidl_generator_cpp__visibility_control.hpp
[4.717s] -- Up-to-date: /home/dss/ros2_ws/install/dss_ros2_bridge/include/dss_ros2_bridge/dss_ros2_bridge/msg/detail
[4.717s] -- Installing: /home/dss/ros2_ws/install/dss_ros2_bridge/include/dss_ros2_bridge/dss_ros2_bridge/msg/detail/dss_control__type_support.hpp
[4.717s] -- Installing: /home/dss/ros2_ws/install/dss_ros2_bridge/include/dss_ros2_bridge/dss_ros2_bridge/msg/detail/dss_control__builder.hpp
[4.717s] -- Installing: /home/dss/ros2_ws/install/dss_ros2_bridge/include/dss_ros2_bridge/dss_ros2_bridge/msg/detail/dss_control__traits.hpp
[4.717s] -- Installing: /home/dss/ros2_ws/install/dss_ros2_bridge/include/dss_ros2_bridge/dss_ros2_bridge/msg/detail/dss_control__struct.hpp
[4.717s] -- Up-to-date: /home/dss/ros2_ws/install/dss_ros2_bridge/include/dss_ros2_bridge/dss_ros2_bridge
[4.717s] -- Up-to-date: /home/dss/ros2_ws/install/dss_ros2_bridge/include/dss_ros2_bridge/dss_ros2_bridge/msg
[4.717s] -- Installing: /home/dss/ros2_ws/install/dss_ros2_bridge/include/dss_ros2_bridge/dss_ros2_bridge/msg/rosidl_typesupport_fastrtps_cpp__visibility_control.h
[4.717s] -- Up-to-date: /home/dss/ros2_ws/install/dss_ros2_bridge/include/dss_ros2_bridge/dss_ros2_bridge/msg/detail
[4.717s] -- Installing: /home/dss/ros2_ws/install/dss_ros2_bridge/include/dss_ros2_bridge/dss_ros2_bridge/msg/detail/dss_control__rosidl_typesupport_fastrtps_cpp.hpp
[4.717s] -- Installing: /home/dss/ros2_ws/install/dss_ros2_bridge/include/dss_ros2_bridge/dss_ros2_bridge/msg/detail/dds_fastrtps
[4.718s] -- Installing: /home/dss/ros2_ws/install/dss_ros2_bridge/lib/libdss_ros2_bridge__rosidl_typesupport_fastrtps_cpp.so
[4.718s] -- Set runtime path of "/home/dss/ros2_ws/install/dss_ros2_bridge/lib/libdss_ros2_bridge__rosidl_typesupport_fastrtps_cpp.so" to ""
[4.718s] -- Up-to-date: /home/dss/ros2_ws/install/dss_ros2_bridge/include/dss_ros2_bridge/dss_ros2_bridge
[4.718s] -- Up-to-date: /home/dss/ros2_ws/install/dss_ros2_bridge/include/dss_ros2_bridge/dss_ros2_bridge/msg
[4.718s] -- Installing: /home/dss/ros2_ws/install/dss_ros2_bridge/include/dss_ros2_bridge/dss_ros2_bridge/msg/rosidl_typesupport_introspection_c__visibility_control.h
[4.718s] -- Up-to-date: /home/dss/ros2_ws/install/dss_ros2_bridge/include/dss_ros2_bridge/dss_ros2_bridge/msg/detail
[4.718s] -- Installing: /home/dss/ros2_ws/install/dss_ros2_bridge/include/dss_ros2_bridge/dss_ros2_bridge/msg/detail/dss_control__rosidl_typesupport_introspection_c.h
[4.718s] -- Installing: /home/dss/ros2_ws/install/dss_ros2_bridge/include/dss_ros2_bridge/dss_ros2_bridge/msg/detail/dss_control__type_support.c
[4.718s] -- Installing: /home/dss/ros2_ws/install/dss_ros2_bridge/lib/libdss_ros2_bridge__rosidl_typesupport_introspection_c.so
[4.718s] -- Set runtime path of "/home/dss/ros2_ws/install/dss_ros2_bridge/lib/libdss_ros2_bridge__rosidl_typesupport_introspection_c.so" to ""
[4.718s] -- Installing: /home/dss/ros2_ws/install/dss_ros2_bridge/lib/libdss_ros2_bridge__rosidl_typesupport_c.so
[4.718s] -- Set runtime path of "/home/dss/ros2_ws/install/dss_ros2_bridge/lib/libdss_ros2_bridge__rosidl_typesupport_c.so" to ""
[4.718s] -- Up-to-date: /home/dss/ros2_ws/install/dss_ros2_bridge/include/dss_ros2_bridge/dss_ros2_bridge
[4.718s] -- Up-to-date: /home/dss/ros2_ws/install/dss_ros2_bridge/include/dss_ros2_bridge/dss_ros2_bridge/msg
[4.718s] -- Up-to-date: /home/dss/ros2_ws/install/dss_ros2_bridge/include/dss_ros2_bridge/dss_ros2_bridge/msg/detail
[4.718s] -- Installing: /home/dss/ros2_ws/install/dss_ros2_bridge/include/dss_ros2_bridge/dss_ros2_bridge/msg/detail/dss_control__rosidl_typesupport_introspection_cpp.hpp
[4.719s] -- Installing: /home/dss/ros2_ws/install/dss_ros2_bridge/include/dss_ros2_bridge/dss_ros2_bridge/msg/detail/dss_control__type_support.cpp
[4.719s] -- Installing: /home/dss/ros2_ws/install/dss_ros2_bridge/lib/libdss_ros2_bridge__rosidl_typesupport_introspection_cpp.so
[4.719s] -- Set runtime path of "/home/dss/ros2_ws/install/dss_ros2_bridge/lib/libdss_ros2_bridge__rosidl_typesupport_introspection_cpp.so" to ""
[4.719s] -- Installing: /home/dss/ros2_ws/install/dss_ros2_bridge/lib/libdss_ros2_bridge__rosidl_typesupport_cpp.so
[4.719s] -- Set runtime path of "/home/dss/ros2_ws/install/dss_ros2_bridge/lib/libdss_ros2_bridge__rosidl_typesupport_cpp.so" to ""
[4.719s] -- Installing: /home/dss/ros2_ws/install/dss_ros2_bridge/share/dss_ros2_bridge/environment/pythonpath.sh
[4.719s] -- Installing: /home/dss/ros2_ws/install/dss_ros2_bridge/share/dss_ros2_bridge/environment/pythonpath.dsv
[4.719s] -- Installing: /home/dss/ros2_ws/install/dss_ros2_bridge/local/lib/python3.10/dist-packages/dss_ros2_bridge-1.0.0-py3.10.egg-info
[4.719s] -- Installing: /home/dss/ros2_ws/install/dss_ros2_bridge/local/lib/python3.10/dist-packages/dss_ros2_bridge-1.0.0-py3.10.egg-info/SOURCES.txt
[4.719s] -- Installing: /home/dss/ros2_ws/install/dss_ros2_bridge/local/lib/python3.10/dist-packages/dss_ros2_bridge-1.0.0-py3.10.egg-info/top_level.txt
[4.719s] -- Installing: /home/dss/ros2_ws/install/dss_ros2_bridge/local/lib/python3.10/dist-packages/dss_ros2_bridge-1.0.0-py3.10.egg-info/dependency_links.txt
[4.719s] -- Installing: /home/dss/ros2_ws/install/dss_ros2_bridge/local/lib/python3.10/dist-packages/dss_ros2_bridge-1.0.0-py3.10.egg-info/PKG-INFO
[4.719s] -- Installing: /home/dss/ros2_ws/install/dss_ros2_bridge/local/lib/python3.10/dist-packages/dss_ros2_bridge
[4.719s] -- Installing: /home/dss/ros2_ws/install/dss_ros2_bridge/local/lib/python3.10/dist-packages/dss_ros2_bridge/libdss_ros2_bridge__rosidl_generator_py.so
[4.719s] -- Installing: /home/dss/ros2_ws/install/dss_ros2_bridge/local/lib/python3.10/dist-packages/dss_ros2_bridge/__init__.py
[4.719s] -- Installing: /home/dss/ros2_ws/install/dss_ros2_bridge/local/lib/python3.10/dist-packages/dss_ros2_bridge/dss_ros2_bridge_s__rosidl_typesupport_c.cpython-310-x86_64-linux-gnu.so
[4.720s] -- Installing: /home/dss/ros2_ws/install/dss_ros2_bridge/local/lib/python3.10/dist-packages/dss_ros2_bridge/_dss_ros2_bridge_s.ep.rosidl_typesupport_fastrtps_c.c
[4.720s] -- Installing: /home/dss/ros2_ws/install/dss_ros2_bridge/local/lib/python3.10/dist-packages/dss_ros2_bridge/dss_ros2_bridge_s__rosidl_typesupport_fastrtps_c.cpython-310-x86_64-linux-gnu.so
[4.720s] -- Installing: /home/dss/ros2_ws/install/dss_ros2_bridge/local/lib/python3.10/dist-packages/dss_ros2_bridge/_dss_ros2_bridge_s.ep.rosidl_typesupport_introspection_c.c
[4.720s] -- Installing: /home/dss/ros2_ws/install/dss_ros2_bridge/local/lib/python3.10/dist-packages/dss_ros2_bridge/dss_ros2_bridge_s__rosidl_typesupport_introspection_c.cpython-310-x86_64-linux-gnu.so
[4.720s] -- Installing: /home/dss/ros2_ws/install/dss_ros2_bridge/local/lib/python3.10/dist-packages/dss_ros2_bridge/msg
[4.720s] -- Installing: /home/dss/ros2_ws/install/dss_ros2_bridge/local/lib/python3.10/dist-packages/dss_ros2_bridge/msg/__init__.py
[4.720s] -- Installing: /home/dss/ros2_ws/install/dss_ros2_bridge/local/lib/python3.10/dist-packages/dss_ros2_bridge/msg/_dss_control.py
[4.720s] -- Installing: /home/dss/ros2_ws/install/dss_ros2_bridge/local/lib/python3.10/dist-packages/dss_ros2_bridge/msg/_dss_control_s.c
[4.720s] -- Installing: /home/dss/ros2_ws/install/dss_ros2_bridge/local/lib/python3.10/dist-packages/dss_ros2_bridge/_dss_ros2_bridge_s.ep.rosidl_typesupport_c.c
[4.738s] Listing '/home/dss/ros2_ws/install/dss_ros2_bridge/local/lib/python3.10/dist-packages/dss_ros2_bridge'...
[4.738s] Compiling '/home/dss/ros2_ws/install/dss_ros2_bridge/local/lib/python3.10/dist-packages/dss_ros2_bridge/__init__.py'...
[4.738s] Listing '/home/dss/ros2_ws/install/dss_ros2_bridge/local/lib/python3.10/dist-packages/dss_ros2_bridge/msg'...
[4.738s] Compiling '/home/dss/ros2_ws/install/dss_ros2_bridge/local/lib/python3.10/dist-packages/dss_ros2_bridge/msg/__init__.py'...
[4.738s] Compiling '/home/dss/ros2_ws/install/dss_ros2_bridge/local/lib/python3.10/dist-packages/dss_ros2_bridge/msg/_dss_control.py'...
[4.740s] -- Installing: /home/dss/ros2_ws/install/dss_ros2_bridge/local/lib/python3.10/dist-packages/dss_ros2_bridge/dss_ros2_bridge_s__rosidl_typesupport_fastrtps_c.cpython-310-x86_64-linux-gnu.so
[4.741s] -- Set runtime path of "/home/dss/ros2_ws/install/dss_ros2_bridge/local/lib/python3.10/dist-packages/dss_ros2_bridge/dss_ros2_bridge_s__rosidl_typesupport_fastrtps_c.cpython-310-x86_64-linux-gnu.so" to ""
[4.741s] -- Installing: /home/dss/ros2_ws/install/dss_ros2_bridge/local/lib/python3.10/dist-packages/dss_ros2_bridge/dss_ros2_bridge_s__rosidl_typesupport_introspection_c.cpython-310-x86_64-linux-gnu.so
[4.741s] -- Set runtime path of "/home/dss/ros2_ws/install/dss_ros2_bridge/local/lib/python3.10/dist-packages/dss_ros2_bridge/dss_ros2_bridge_s__rosidl_typesupport_introspection_c.cpython-310-x86_64-linux-gnu.so" to ""
[4.741s] -- Installing: /home/dss/ros2_ws/install/dss_ros2_bridge/local/lib/python3.10/dist-packages/dss_ros2_bridge/dss_ros2_bridge_s__rosidl_typesupport_c.cpython-310-x86_64-linux-gnu.so
[4.741s] -- Set runtime path of "/home/dss/ros2_ws/install/dss_ros2_bridge/local/lib/python3.10/dist-packages/dss_ros2_bridge/dss_ros2_bridge_s__rosidl_typesupport_c.cpython-310-x86_64-linux-gnu.so" to ""
[4.741s] -- Installing: /home/dss/ros2_ws/install/dss_ros2_bridge/lib/libdss_ros2_bridge__rosidl_generator_py.so
[4.741s] -- Set runtime path of "/home/dss/ros2_ws/install/dss_ros2_bridge/lib/libdss_ros2_bridge__rosidl_generator_py.so" to ""
[4.741s] -- Installing: /home/dss/ros2_ws/install/dss_ros2_bridge/share/dss_ros2_bridge/msg/DssControl.idl
[4.741s] -- Installing: /home/dss/ros2_ws/install/dss_ros2_bridge/share/dss_ros2_bridge/msg/DssControl.msg
[4.741s] -- Installing: /home/dss/ros2_ws/install/dss_ros2_bridge/lib/dss_ros2_bridge/DSSToROSImageNode
[4.742s] -- Set runtime path of "/home/dss/ros2_ws/install/dss_ros2_bridge/lib/dss_ros2_bridge/DSSToROSImageNode" to ""
[4.743s] -- Installing: /home/dss/ros2_ws/install/dss_ros2_bridge/lib/dss_ros2_bridge/DSSToROSClockNode
[4.743s] -- Set runtime path of "/home/dss/ros2_ws/install/dss_ros2_bridge/lib/dss_ros2_bridge/DSSToROSClockNode" to ""
[4.743s] -- Installing: /home/dss/ros2_ws/install/dss_ros2_bridge/lib/dss_ros2_bridge/DSSToROSPointCloudNode
[4.744s] -- Set runtime path of "/home/dss/ros2_ws/install/dss_ros2_bridge/lib/dss_ros2_bridge/DSSToROSPointCloudNode" to ""
[4.744s] -- Installing: /home/dss/ros2_ws/install/dss_ros2_bridge/lib/dss_ros2_bridge/DSSToROSIMUNode
[4.745s] -- Set runtime path of "/home/dss/ros2_ws/install/dss_ros2_bridge/lib/dss_ros2_bridge/DSSToROSIMUNode" to ""
[4.745s] -- Installing: /home/dss/ros2_ws/install/dss_ros2_bridge/lib/dss_ros2_bridge/DSSToROSGpsNode
[4.746s] -- Set runtime path of "/home/dss/ros2_ws/install/dss_ros2_bridge/lib/dss_ros2_bridge/DSSToROSGpsNode" to ""
[4.746s] -- Installing: /home/dss/ros2_ws/install/dss_ros2_bridge/lib/dss_ros2_bridge/DSSDemoNode
[4.750s] -- Set runtime path of "/home/dss/ros2_ws/install/dss_ros2_bridge/lib/dss_ros2_bridge/DSSDemoNode" to ""
[4.750s] -- Installing: /home/dss/ros2_ws/install/dss_ros2_bridge/lib/dss_ros2_bridge/libdss_ros2_bridge__rosidl_typesupport_cpp.so
[4.750s] -- Set runtime path of "/home/dss/ros2_ws/install/dss_ros2_bridge/lib/dss_ros2_bridge/libdss_ros2_bridge__rosidl_typesupport_cpp.so" to ""
[4.750s] -- Up-to-date: /home/dss/ros2_ws/install/dss_ros2_bridge/share/dss_ros2_bridge/msg
[4.750s] -- Installing: /home/dss/ros2_ws/install/dss_ros2_bridge/share/dss_ros2_bridge/msg/DssControl.msg:Zone.Identifier
[4.750s] -- Up-to-date: /home/dss/ros2_ws/install/dss_ros2_bridge/share/dss_ros2_bridge/msg/DssControl.msg
[4.750s] -- Installing: /home/dss/ros2_ws/install/dss_ros2_bridge/share/dss_ros2_bridge/launch
[4.750s] -- Installing: /home/dss/ros2_ws/install/dss_ros2_bridge/share/dss_ros2_bridge/launch/launch.py:Zone.Identifier
[4.750s] -- Installing: /home/dss/ros2_ws/install/dss_ros2_bridge/share/dss_ros2_bridge/launch/__pycache__
[4.750s] -- Installing: /home/dss/ros2_ws/install/dss_ros2_bridge/share/dss_ros2_bridge/launch/__pycache__/launch.cpython-310.pyc
[4.751s] -- Installing: /home/dss/ros2_ws/install/dss_ros2_bridge/share/dss_ros2_bridge/launch/__pycache__/launch.cpython-310.pyc:Zone.Identifier
[4.751s] -- Installing: /home/dss/ros2_ws/install/dss_ros2_bridge/share/dss_ros2_bridge/launch/launch.py
[4.751s] -- Installing: /home/dss/ros2_ws/install/dss_ros2_bridge/share/ament_index/resource_index/package_run_dependencies/dss_ros2_bridge
[4.751s] -- Installing: /home/dss/ros2_ws/install/dss_ros2_bridge/share/ament_index/resource_index/parent_prefix_path/dss_ros2_bridge
[4.751s] -- Installing: /home/dss/ros2_ws/install/dss_ros2_bridge/share/dss_ros2_bridge/environment/ament_prefix_path.sh
[4.751s] -- Installing: /home/dss/ros2_ws/install/dss_ros2_bridge/share/dss_ros2_bridge/environment/ament_prefix_path.dsv
[4.751s] -- Installing: /home/dss/ros2_ws/install/dss_ros2_bridge/share/dss_ros2_bridge/environment/path.sh
[4.751s] -- Installing: /home/dss/ros2_ws/install/dss_ros2_bridge/share/dss_ros2_bridge/environment/path.dsv
[4.751s] -- Installing: /home/dss/ros2_ws/install/dss_ros2_bridge/share/dss_ros2_bridge/local_setup.bash
[4.751s] -- Installing: /home/dss/ros2_ws/install/dss_ros2_bridge/share/dss_ros2_bridge/local_setup.sh
[4.751s] -- Installing: /home/dss/ros2_ws/install/dss_ros2_bridge/share/dss_ros2_bridge/local_setup.zsh
[4.752s] -- Installing: /home/dss/ros2_ws/install/dss_ros2_bridge/share/dss_ros2_bridge/local_setup.dsv
[4.752s] -- Installing: /home/dss/ros2_ws/install/dss_ros2_bridge/share/dss_ros2_bridge/package.dsv
[4.752s] -- Installing: /home/dss/ros2_ws/install/dss_ros2_bridge/share/ament_index/resource_index/packages/dss_ros2_bridge
[4.752s] -- Installing: /home/dss/ros2_ws/install/dss_ros2_bridge/share/dss_ros2_bridge/cmake/export_dss_ros2_bridge__rosidl_generator_cExport.cmake
[4.752s] -- Installing: /home/dss/ros2_ws/install/dss_ros2_bridge/share/dss_ros2_bridge/cmake/export_dss_ros2_bridge__rosidl_generator_cExport-noconfig.cmake
[4.752s] -- Installing: /home/dss/ros2_ws/install/dss_ros2_bridge/share/dss_ros2_bridge/cmake/export_dss_ros2_bridge__rosidl_typesupport_fastrtps_cExport.cmake
[4.752s] -- Installing: /home/dss/ros2_ws/install/dss_ros2_bridge/share/dss_ros2_bridge/cmake/export_dss_ros2_bridge__rosidl_typesupport_fastrtps_cExport-noconfig.cmake
[4.752s] -- Installing: /home/dss/ros2_ws/install/dss_ros2_bridge/share/dss_ros2_bridge/cmake/export_dss_ros2_bridge__rosidl_generator_cppExport.cmake
[4.752s] -- Installing: /home/dss/ros2_ws/install/dss_ros2_bridge/share/dss_ros2_bridge/cmake/export_dss_ros2_bridge__rosidl_typesupport_fastrtps_cppExport.cmake
[4.752s] -- Installing: /home/dss/ros2_ws/install/dss_ros2_bridge/share/dss_ros2_bridge/cmake/export_dss_ros2_bridge__rosidl_typesupport_fastrtps_cppExport-noconfig.cmake
[4.752s] -- Installing: /home/dss/ros2_ws/install/dss_ros2_bridge/share/dss_ros2_bridge/cmake/dss_ros2_bridge__rosidl_typesupport_introspection_cExport.cmake
[4.753s] -- Installing: /home/dss/ros2_ws/install/dss_ros2_bridge/share/dss_ros2_bridge/cmake/dss_ros2_bridge__rosidl_typesupport_introspection_cExport-noconfig.cmake
[4.753s] -- Installing: /home/dss/ros2_ws/install/dss_ros2_bridge/share/dss_ros2_bridge/cmake/dss_ros2_bridge__rosidl_typesupport_cExport.cmake
[4.753s] -- Installing: /home/dss/ros2_ws/install/dss_ros2_bridge/share/dss_ros2_bridge/cmake/dss_ros2_bridge__rosidl_typesupport_cExport-noconfig.cmake
[4.753s] -- Installing: /home/dss/ros2_ws/install/dss_ros2_bridge/share/dss_ros2_bridge/cmake/dss_ros2_bridge__rosidl_typesupport_introspection_cppExport.cmake
[4.753s] -- Installing: /home/dss/ros2_ws/install/dss_ros2_bridge/share/dss_ros2_bridge/cmake/dss_ros2_bridge__rosidl_typesupport_introspection_cppExport-noconfig.cmake
[4.753s] -- Installing: /home/dss/ros2_ws/install/dss_ros2_bridge/share/dss_ros2_bridge/cmake/dss_ros2_bridge__rosidl_typesupport_cppExport.cmake
[4.753s] -- Installing: /home/dss/ros2_ws/install/dss_ros2_bridge/share/dss_ros2_bridge/cmake/dss_ros2_bridge__rosidl_typesupport_cppExport-noconfig.cmake
[4.753s] -- Installing: /home/dss/ros2_ws/install/dss_ros2_bridge/share/dss_ros2_bridge/cmake/export_dss_ros2_bridge__rosidl_generator_pyExport.cmake
[4.753s] -- Installing: /home/dss/ros2_ws/install/dss_ros2_bridge/share/dss_ros2_bridge/cmake/export_dss_ros2_bridge__rosidl_generator_pyExport-noconfig.cmake
[4.753s] -- Installing: /home/dss/ros2_ws/install/dss_ros2_bridge/share/dss_ros2_bridge/cmake/rosidl_cmake-extras.cmake
[4.753s] -- Installing: /home/dss/ros2_ws/install/dss_ros2_bridge/share/dss_ros2_bridge/cmake/ament_cmake_export_include_directories-extras.cmake
[4.753s] -- Installing: /home/dss/ros2_ws/install/dss_ros2_bridge/share/dss_ros2_bridge/cmake/ament_cmake_export_libraries-extras.cmake
[4.754s] -- Installing: /home/dss/ros2_ws/install/dss_ros2_bridge/share/dss_ros2_bridge/cmake/ament_cmake_export_targets-extras.cmake
[4.754s] -- Installing: /home/dss/ros2_ws/install/dss_ros2_bridge/share/dss_ros2_bridge/cmake/rosidl_cmake_export_typesupport_targets-extras.cmake
[4.754s] -- Installing: /home/dss/ros2_ws/install/dss_ros2_bridge/share/dss_ros2_bridge/cmake/ament_cmake_export_dependencies-extras.cmake
[4.754s] -- Installing: /home/dss/ros2_ws/install/dss_ros2_bridge/share/dss_ros2_bridge/cmake/rosidl_cmake_export_typesupport_libraries-extras.cmake
[4.754s] -- Installing: /home/dss/ros2_ws/install/dss_ros2_bridge/share/dss_ros2_bridge/cmake/dss_ros2_bridgeConfig.cmake
[4.754s] -- Installing: /home/dss/ros2_ws/install/dss_ros2_bridge/share/dss_ros2_bridge/cmake/dss_ros2_bridgeConfig-version.cmake
[4.754s] -- Installing: /home/dss/ros2_ws/install/dss_ros2_bridge/share/dss_ros2_bridge/package.xml
[4.755s] Invoked command in '/home/dss/ros2_ws/build/dss_ros2_bridge' returned '0': CMAKE_PREFIX_PATH=/opt/ros/humble /usr/bin/cmake --install /home/dss/ros2_ws/build/dss_ros2_bridge
