[0.354s] Invoking command in '/home/dss/ros2_ws/Tools/bag_replay_tool_ros2': PYTHONPATH=/home/dss/ros2_ws/build/bag_replay_tool_ros2/prefix_override:/usr/lib/python3/dist-packages/colcon_core/task/python/colcon_distutils_commands:/home/dss/ros2_ws/install/bag_replay_tool_ros2/lib/python3.10/site-packages:${PYTHONPATH} /usr/bin/python3 -W ignore:setup.py install is deprecated -W ignore:easy_install command is deprecated setup.py egg_info --egg-base ../../build/bag_replay_tool_ros2 build --build-base /home/dss/ros2_ws/build/bag_replay_tool_ros2/build install --record /home/dss/ros2_ws/build/bag_replay_tool_ros2/install.log --single-version-externally-managed install_data
[0.481s] running egg_info
[0.481s] writing ../../build/bag_replay_tool_ros2/bag_replay_tool_ros2.egg-info/PKG-INFO
[0.481s] writing dependency_links to ../../build/bag_replay_tool_ros2/bag_replay_tool_ros2.egg-info/dependency_links.txt
[0.481s] writing entry points to ../../build/bag_replay_tool_ros2/bag_replay_tool_ros2.egg-info/entry_points.txt
[0.481s] writing requirements to ../../build/bag_replay_tool_ros2/bag_replay_tool_ros2.egg-info/requires.txt
[0.481s] writing top-level names to ../../build/bag_replay_tool_ros2/bag_replay_tool_ros2.egg-info/top_level.txt
[0.482s] reading manifest file '../../build/bag_replay_tool_ros2/bag_replay_tool_ros2.egg-info/SOURCES.txt'
[0.483s] writing manifest file '../../build/bag_replay_tool_ros2/bag_replay_tool_ros2.egg-info/SOURCES.txt'
[0.483s] running build
[0.483s] running build_py
[0.483s] running install
[0.483s] running install_lib
[0.483s] running install_data
[0.484s] running install_egg_info
[0.484s] removing '/home/dss/ros2_ws/install/bag_replay_tool_ros2/lib/python3.10/site-packages/bag_replay_tool_ros2-2.0.0-py3.10.egg-info' (and everything under it)
[0.485s] Copying ../../build/bag_replay_tool_ros2/bag_replay_tool_ros2.egg-info to /home/dss/ros2_ws/install/bag_replay_tool_ros2/lib/python3.10/site-packages/bag_replay_tool_ros2-2.0.0-py3.10.egg-info
[0.485s] running install_scripts
[0.498s] Installing bag_replay_tool_node script to /home/dss/ros2_ws/install/bag_replay_tool_ros2/lib/bag_replay_tool_ros2
[0.498s] writing list of installed files to '/home/dss/ros2_ws/build/bag_replay_tool_ros2/install.log'
[0.513s] Invoked command in '/home/dss/ros2_ws/Tools/bag_replay_tool_ros2' returned '0': PYTHONPATH=/home/dss/ros2_ws/build/bag_replay_tool_ros2/prefix_override:/usr/lib/python3/dist-packages/colcon_core/task/python/colcon_distutils_commands:/home/dss/ros2_ws/install/bag_replay_tool_ros2/lib/python3.10/site-packages:${PYTHONPATH} /usr/bin/python3 -W ignore:setup.py install is deprecated -W ignore:easy_install command is deprecated setup.py egg_info --egg-base ../../build/bag_replay_tool_ros2 build --build-base /home/dss/ros2_ws/build/bag_replay_tool_ros2/build install --record /home/dss/ros2_ws/build/bag_replay_tool_ros2/install.log --single-version-externally-managed install_data
