[0.007s] Invoking command in '/home/dss/ros2_ws/build/dss_ros2_bridge': CMAKE_PREFIX_PATH=/opt/ros/humble /usr/bin/cmake /home/dss/ros2_ws/src/dss_ros2_bridge -DCMAKE_INSTALL_PREFIX=/home/dss/ros2_ws/install/dss_ros2_bridge
[0.114s] -- The C compiler identification is GNU 11.4.0
[0.263s] -- The CXX compiler identification is GNU 11.4.0
[0.354s] -- Detecting C compiler ABI info
[0.417s] -- Detecting C compiler ABI info - done
[0.420s] -- Check for working C compiler: /usr/bin/cc - skipped
[0.421s] -- Detecting C compile features
[0.421s] -- Detecting C compile features - done
[0.424s] -- Detecting CXX compiler ABI info
[0.487s] -- Detecting CXX compiler ABI info - done
[0.491s] -- Check for working CXX compiler: /usr/bin/c++ - skipped
[0.491s] -- Detecting CXX compile features
[0.491s] -- Detecting CXX compile features - done
[0.497s] -- Found ament_cmake: 1.3.12 (/opt/ros/humble/share/ament_cmake/cmake)
[0.574s] -- Found Python3: /usr/bin/python3 (found version "3.10.12") found components: Interpreter 
[0.633s] -- Found rclcpp: 16.0.17 (/opt/ros/humble/share/rclcpp/cmake)
[0.698s] -- Found rosidl_generator_c: 3.1.8 (/opt/ros/humble/share/rosidl_generator_c/cmake)
[0.701s] -- Found rosidl_adapter: 3.1.8 (/opt/ros/humble/share/rosidl_adapter/cmake)
[0.708s] -- Found rosidl_generator_cpp: 3.1.8 (/opt/ros/humble/share/rosidl_generator_cpp/cmake)
[0.719s] -- Using all available rosidl_typesupport_c: rosidl_typesupport_fastrtps_c;rosidl_typesupport_introspection_c
[0.730s] -- Using all available rosidl_typesupport_cpp: rosidl_typesupport_fastrtps_cpp;rosidl_typesupport_introspection_cpp
[0.763s] -- Found rmw_implementation_cmake: 6.1.2 (/opt/ros/humble/share/rmw_implementation_cmake/cmake)
[0.765s] -- Found rmw_fastrtps_cpp: 6.2.9 (/opt/ros/humble/share/rmw_fastrtps_cpp/cmake)
[1.157s] -- Found OpenSSL: /usr/lib/x86_64-linux-gnu/libcrypto.so (found version "3.0.2")  
[1.556s] -- Found FastRTPS: /opt/ros/humble/include  
[2.287s] -- Using RMW implementation 'rmw_fastrtps_cpp' as default
[2.301s] -- Looking for pthread.h
[2.365s] -- Looking for pthread.h - found
[2.365s] -- Performing Test CMAKE_HAVE_LIBC_PTHREAD
[2.425s] -- Performing Test CMAKE_HAVE_LIBC_PTHREAD - Success
[2.426s] -- Found Threads: TRUE  
[2.463s] -- Found rclpy: 3.3.19 (/opt/ros/humble/share/rclpy/cmake)
[2.464s] -- Found cv_bridge: 3.2.1 (/opt/ros/humble/share/cv_bridge/cmake)
[2.493s] -- Found nav_msgs: 4.9.0 (/opt/ros/humble/share/nav_msgs/cmake)
[2.504s] -- Found visualization_msgs: 4.9.0 (/opt/ros/humble/share/visualization_msgs/cmake)
[2.520s] -- Found OpenCV: /usr (found version "4.5.4") 
[2.627s] [31mCMake Error at /usr/share/cmake-3.22/Modules/FindPackageHandleStandardArgs.cmake:230 (message):
[2.627s]   Could NOT find Protobuf: Found unsuitable version "3.12.4", but required is
[2.627s]   at least "3.15" (found /usr/lib/x86_64-linux-gnu/libprotobuf.so)
[2.627s] Call Stack (most recent call first):
[2.627s]   /usr/share/cmake-3.22/Modules/FindPackageHandleStandardArgs.cmake:592 (_FPHSA_FAILURE_MESSAGE)
[2.627s]   /usr/share/cmake-3.22/Modules/FindProtobuf.cmake:650 (FIND_PACKAGE_HANDLE_STANDARD_ARGS)
[2.627s]   CMakeLists.txt:23 (find_package)
[2.627s] 
[2.627s] [0m
[2.627s] -- Configuring incomplete, errors occurred!
[2.627s] See also "/home/dss/ros2_ws/build/dss_ros2_bridge/CMakeFiles/CMakeOutput.log".
[2.632s] Invoked command in '/home/dss/ros2_ws/build/dss_ros2_bridge' returned '1': CMAKE_PREFIX_PATH=/opt/ros/humble /usr/bin/cmake /home/dss/ros2_ws/src/dss_ros2_bridge -DCMAKE_INSTALL_PREFIX=/home/dss/ros2_ws/install/dss_ros2_bridge
