running egg_info
creating ../../build/bag_replay_tool_ros2/bag_replay_tool_ros2.egg-info
writing ../../build/bag_replay_tool_ros2/bag_replay_tool_ros2.egg-info/PKG-INFO
writing dependency_links to ../../build/bag_replay_tool_ros2/bag_replay_tool_ros2.egg-info/dependency_links.txt
writing entry points to ../../build/bag_replay_tool_ros2/bag_replay_tool_ros2.egg-info/entry_points.txt
writing requirements to ../../build/bag_replay_tool_ros2/bag_replay_tool_ros2.egg-info/requires.txt
writing top-level names to ../../build/bag_replay_tool_ros2/bag_replay_tool_ros2.egg-info/top_level.txt
writing manifest file '../../build/bag_replay_tool_ros2/bag_replay_tool_ros2.egg-info/SOURCES.txt'
reading manifest file '../../build/bag_replay_tool_ros2/bag_replay_tool_ros2.egg-info/SOURCES.txt'
writing manifest file '../../build/bag_replay_tool_ros2/bag_replay_tool_ros2.egg-info/SOURCES.txt'
running build
running build_py
creating /home/dss/ros2_ws/build/bag_replay_tool_ros2/build
creating /home/dss/ros2_ws/build/bag_replay_tool_ros2/build/lib
creating /home/dss/ros2_ws/build/bag_replay_tool_ros2/build/lib/bag_replay_tool_ros2
copying bag_replay_tool_ros2/__init__.py -> /home/dss/ros2_ws/build/bag_replay_tool_ros2/build/lib/bag_replay_tool_ros2
copying bag_replay_tool_ros2/bag_replay_tool_node.py -> /home/dss/ros2_ws/build/bag_replay_tool_ros2/build/lib/bag_replay_tool_ros2
running install
running install_lib
creating /home/dss/ros2_ws/install/bag_replay_tool_ros2/lib/python3.10/site-packages/bag_replay_tool_ros2
copying /home/dss/ros2_ws/build/bag_replay_tool_ros2/build/lib/bag_replay_tool_ros2/__init__.py -> /home/dss/ros2_ws/install/bag_replay_tool_ros2/lib/python3.10/site-packages/bag_replay_tool_ros2
copying /home/dss/ros2_ws/build/bag_replay_tool_ros2/build/lib/bag_replay_tool_ros2/bag_replay_tool_node.py -> /home/dss/ros2_ws/install/bag_replay_tool_ros2/lib/python3.10/site-packages/bag_replay_tool_ros2
byte-compiling /home/dss/ros2_ws/install/bag_replay_tool_ros2/lib/python3.10/site-packages/bag_replay_tool_ros2/__init__.py to __init__.cpython-310.pyc
byte-compiling /home/dss/ros2_ws/install/bag_replay_tool_ros2/lib/python3.10/site-packages/bag_replay_tool_ros2/bag_replay_tool_node.py to bag_replay_tool_node.cpython-310.pyc
running install_data
creating /home/dss/ros2_ws/install/bag_replay_tool_ros2/share/ament_index
creating /home/dss/ros2_ws/install/bag_replay_tool_ros2/share/ament_index/resource_index
creating /home/dss/ros2_ws/install/bag_replay_tool_ros2/share/ament_index/resource_index/packages
copying resource/bag_replay_tool_ros2 -> /home/dss/ros2_ws/install/bag_replay_tool_ros2/share/ament_index/resource_index/packages
copying package.xml -> /home/dss/ros2_ws/install/bag_replay_tool_ros2/share/bag_replay_tool_ros2
creating /home/dss/ros2_ws/install/bag_replay_tool_ros2/share/bag_replay_tool_ros2/launch
copying launch/bag_replay_tool.launch.py -> /home/dss/ros2_ws/install/bag_replay_tool_ros2/share/bag_replay_tool_ros2/launch
creating /home/dss/ros2_ws/install/bag_replay_tool_ros2/share/bag_replay_tool_ros2/ui
copying ui/bag_replay_tool.ui -> /home/dss/ros2_ws/install/bag_replay_tool_ros2/share/bag_replay_tool_ros2/ui
running install_egg_info
Copying ../../build/bag_replay_tool_ros2/bag_replay_tool_ros2.egg-info to /home/dss/ros2_ws/install/bag_replay_tool_ros2/lib/python3.10/site-packages/bag_replay_tool_ros2-2.0.0-py3.10.egg-info
running install_scripts
Installing bag_replay_tool_node script to /home/dss/ros2_ws/install/bag_replay_tool_ros2/lib/bag_replay_tool_ros2
writing list of installed files to '/home/dss/ros2_ws/build/bag_replay_tool_ros2/install.log'
