[01m[K/home/dss/ros2_ws/src/dss_ros2_bridge/src/DSSToROSClock.cpp:9:10:[m[K [01;31m[Kfatal error: [m[Knlohmann/json.hpp: No such file or directory
    9 | #include [01;31m[K"nlohmann/json.hpp"[m[K
      |          [01;31m[K^~~~~~~~~~~~~~~~~~~[m[K
compilation terminated.
[01m[K/home/dss/ros2_ws/src/dss_ros2_bridge/src/DSSToROSGps.cpp:10:10:[m[K [01;31m[Kfatal error: [m[Knlohmann/json.hpp: No such file or directory
   10 | #include [01;31m[K"nlohmann/json.hpp"[m[K
      |          [01;31m[K^~~~~~~~~~~~~~~~~~~[m[K
compilation terminated.
gmake[2]: *** [CMakeFiles/DSSToROSClockNode.dir/build.make:76: CMakeFiles/DSSToROSClockNode.dir/src/DSSToROSClock.cpp.o] Error 1
gmake[2]: *** Waiting for unfinished jobs....
[01m[K/home/dss/ros2_ws/src/dss_ros2_bridge/src/DSSToROSPointCloud.cpp:7:10:[m[K [01;31m[Kfatal error: [m[Knlohmann/json.hpp: No such file or directory
    7 | #include [01;31m[K"nlohmann/json.hpp"[m[K
      |          [01;31m[K^~~~~~~~~~~~~~~~~~~[m[K
compilation terminated.
gmake[2]: *** [CMakeFiles/DSSToROSGpsNode.dir/build.make:76: CMakeFiles/DSSToROSGpsNode.dir/src/DSSToROSGps.cpp.o] Error 1
gmake[2]: *** Waiting for unfinished jobs....
gmake[2]: *** [CMakeFiles/DSSToROSPointCloudNode.dir/build.make:76: CMakeFiles/DSSToROSPointCloudNode.dir/src/DSSToROSPointCloud.cpp.o] Error 1
gmake[2]: *** Waiting for unfinished jobs....
[01m[K/home/dss/ros2_ws/src/dss_ros2_bridge/src/DSSToROSImage.cpp:7:10:[m[K [01;31m[Kfatal error: [m[Knlohmann/json.hpp: No such file or directory
    7 | #include [01;31m[K"nlohmann/json.hpp"[m[K
      |          [01;31m[K^~~~~~~~~~~~~~~~~~~[m[K
compilation terminated.
gmake[2]: *** [CMakeFiles/DSSToROSImageNode.dir/build.make:76: CMakeFiles/DSSToROSImageNode.dir/src/DSSToROSImage.cpp.o] Error 1
gmake[2]: *** Waiting for unfinished jobs....
[01m[K/home/dss/ros2_ws/src/dss_ros2_bridge/src/DSSToROSIMU.cpp:14:10:[m[K [01;31m[Kfatal error: [m[Knlohmann/json.hpp: No such file or directory
   14 | #include [01;31m[K"nlohmann/json.hpp"[m[K
      |          [01;31m[K^~~~~~~~~~~~~~~~~~~[m[K
compilation terminated.
gmake[2]: *** [CMakeFiles/DSSToROSIMUNode.dir/build.make:76: CMakeFiles/DSSToROSIMUNode.dir/src/DSSToROSIMU.cpp.o] Error 1
gmake[2]: *** Waiting for unfinished jobs....
gmake[1]: *** [CMakeFiles/Makefile2:630: CMakeFiles/DSSToROSPointCloudNode.dir/all] Error 2
gmake[1]: *** Waiting for unfinished jobs....
gmake[1]: *** [CMakeFiles/Makefile2:684: CMakeFiles/DSSToROSClockNode.dir/all] Error 2
gmake[1]: *** [CMakeFiles/Makefile2:603: CMakeFiles/DSSToROSImageNode.dir/all] Error 2
gmake[1]: *** [CMakeFiles/Makefile2:711: CMakeFiles/DSSToROSGpsNode.dir/all] Error 2
gmake[1]: *** [CMakeFiles/Makefile2:657: CMakeFiles/DSSToROSIMUNode.dir/all] Error 2
gmake: *** [Makefile:146: all] Error 2
