-- Found ament_cmake: 1.3.12 (/opt/ros/humble/share/ament_cmake/cmake)
-- Found rclcpp: 16.0.17 (/opt/ros/humble/share/rclcpp/cmake)
-- Found rosidl_generator_c: 3.1.8 (/opt/ros/humble/share/rosidl_generator_c/cmake)
-- Found rosidl_adapter: 3.1.8 (/opt/ros/humble/share/rosidl_adapter/cmake)
-- Found rosidl_generator_cpp: 3.1.8 (/opt/ros/humble/share/rosidl_generator_cpp/cmake)
-- Using all available rosidl_typesupport_c: rosidl_typesupport_fastrtps_c;rosidl_typesupport_introspection_c
-- Using all available rosidl_typesupport_cpp: rosidl_typesupport_fastrtps_cpp;rosidl_typesupport_introspection_cpp
-- Found rmw_implementation_cmake: 6.1.2 (/opt/ros/humble/share/rmw_implementation_cmake/cmake)
-- Found rmw_fastrtps_cpp: 6.2.9 (/opt/ros/humble/share/rmw_fastrtps_cpp/cmake)
-- Using RMW implementation 'rmw_fastrtps_cpp' as default
-- Found rclpy: 3.3.19 (/opt/ros/humble/share/rclpy/cmake)
-- Found cv_bridge: 3.2.1 (/opt/ros/humble/share/cv_bridge/cmake)
-- Found nav_msgs: 4.9.0 (/opt/ros/humble/share/nav_msgs/cmake)
-- Found visualization_msgs: 4.9.0 (/opt/ros/humble/share/visualization_msgs/cmake)
-- Found rosidl_default_generators: 1.2.0 (/opt/ros/humble/share/rosidl_default_generators/cmake)
-- Found ament_cmake_ros: 0.10.0 (/opt/ros/humble/share/ament_cmake_ros/cmake)
-- Using all available rosidl_typesupport_c: rosidl_typesupport_fastrtps_c;rosidl_typesupport_introspection_c
-- Using all available rosidl_typesupport_cpp: rosidl_typesupport_fastrtps_cpp;rosidl_typesupport_introspection_cpp
-- Found python_cmake_module: 0.10.0 (/opt/ros/humble/share/python_cmake_module/cmake)
-- Using PYTHON_EXECUTABLE: /usr/bin/python3
-- Using PYTHON_INCLUDE_DIRS: /usr/include/python3.10
-- Using PYTHON_LIBRARIES: /usr/lib/x86_64-linux-gnu/libpython3.10.so
-- Configuring done
-- Generating done
-- Build files have been written to: /home/dss/ros2_ws/build/dss_ros2_bridge
[  1%] [34m[1mGenerating C code for ROS interfaces[0m
[  3%] [34m[1mGenerating C++ code for ROS interfaces[0m
[  3%] Built target ament_cmake_python_copy_dss_ros2_bridge
running egg_info
creating dss_ros2_bridge.egg-info
writing dss_ros2_bridge.egg-info/PKG-INFO
writing dependency_links to dss_ros2_bridge.egg-info/dependency_links.txt
writing top-level names to dss_ros2_bridge.egg-info/top_level.txt
writing manifest file 'dss_ros2_bridge.egg-info/SOURCES.txt'
reading manifest file 'dss_ros2_bridge.egg-info/SOURCES.txt'
writing manifest file 'dss_ros2_bridge.egg-info/SOURCES.txt'
[  3%] Built target dss_ros2_bridge__cpp
[  5%] [32mBuilding C object CMakeFiles/dss_ros2_bridge__rosidl_generator_c.dir/rosidl_generator_c/dss_ros2_bridge/msg/detail/dss_control__functions.c.o[0m
[  7%] [34m[1mGenerating C++ type support dispatch for ROS interfaces[0m
[  8%] [34m[1mGenerating C++ introspection for ROS interfaces[0m
[ 10%] [34m[1mGenerating C++ type support for eProsima Fast-RTPS[0m
[ 10%] Built target ament_cmake_python_build_dss_ros2_bridge_egg
[ 12%] [32m[1mLinking C shared library libdss_ros2_bridge__rosidl_generator_c.so[0m
[ 12%] Built target dss_ros2_bridge__rosidl_generator_c
[ 14%] [34m[1mGenerating C type support for eProsima Fast-RTPS[0m
[ 17%] [34m[1mGenerating C introspection for ROS interfaces[0m
[ 17%] [34m[1mGenerating C type support dispatch for ROS interfaces[0m
[ 19%] [32mBuilding CXX object CMakeFiles/dss_ros2_bridge__rosidl_typesupport_cpp.dir/rosidl_typesupport_cpp/dss_ros2_bridge/msg/dss_control__type_support.cpp.o[0m
[ 21%] [32mBuilding CXX object CMakeFiles/dss_ros2_bridge__rosidl_typesupport_introspection_cpp.dir/rosidl_typesupport_introspection_cpp/dss_ros2_bridge/msg/detail/dss_control__type_support.cpp.o[0m
[ 23%] [32mBuilding CXX object CMakeFiles/dss_ros2_bridge__rosidl_typesupport_fastrtps_cpp.dir/rosidl_typesupport_fastrtps_cpp/dss_ros2_bridge/msg/detail/dds_fastrtps/dss_control__type_support.cpp.o[0m
[ 25%] [32mBuilding CXX object CMakeFiles/dss_ros2_bridge__rosidl_typesupport_c.dir/rosidl_typesupport_c/dss_ros2_bridge/msg/dss_control__type_support.cpp.o[0m
[ 26%] [32mBuilding C object CMakeFiles/dss_ros2_bridge__rosidl_typesupport_introspection_c.dir/rosidl_typesupport_introspection_c/dss_ros2_bridge/msg/detail/dss_control__type_support.c.o[0m
[ 28%] [32mBuilding CXX object CMakeFiles/dss_ros2_bridge__rosidl_typesupport_fastrtps_c.dir/rosidl_typesupport_fastrtps_c/dss_ros2_bridge/msg/detail/dss_control__type_support_c.cpp.o[0m
[ 30%] [32m[1mLinking CXX shared library libdss_ros2_bridge__rosidl_typesupport_c.so[0m
[ 32%] [32m[1mLinking C shared library libdss_ros2_bridge__rosidl_typesupport_introspection_c.so[0m
[ 33%] [32m[1mLinking CXX shared library libdss_ros2_bridge__rosidl_typesupport_cpp.so[0m
[ 33%] Built target dss_ros2_bridge__rosidl_typesupport_introspection_c
[ 33%] Built target dss_ros2_bridge__rosidl_typesupport_c
[ 33%] Built target dss_ros2_bridge__rosidl_typesupport_cpp
[ 35%] [32mBuilding CXX object CMakeFiles/DSSToROSPointCloudNode.dir/src/DSSToROSPointCloud.cpp.o[0m
[ 42%] [32mBuilding CXX object CMakeFiles/DSSToROSPointCloudNode.dir/src/defaultGateway.cpp.o[0m
[ 42%] [32mBuilding CXX object CMakeFiles/DSSToROSIMUNode.dir/src/DSSToROSIMU.cpp.o[0m
[ 42%] [32mBuilding CXX object CMakeFiles/DSSToROSGpsNode.dir/src/DSSToROSGps.cpp.o[0m
[ 42%] [32mBuilding CXX object CMakeFiles/DSSToROSImageNode.dir/src/DSSToROSImage.cpp.o[0m
[ 44%] [32mBuilding CXX object CMakeFiles/DSSToROSGpsNode.dir/src/dss.pb.cc.o[0m
[ 46%] [32mBuilding CXX object CMakeFiles/DSSToROSPointCloudNode.dir/src/dss.pb.cc.o[0m
[ 48%] [32mBuilding CXX object CMakeFiles/DSSToROSClockNode.dir/src/DSSToROSClock.cpp.o[0m
[ 50%] [32mBuilding CXX object CMakeFiles/DSSDemoNode.dir/src/DSSDemo.cpp.o[0m
[ 51%] [32mBuilding CXX object CMakeFiles/DSSToROSGpsNode.dir/src/defaultGateway.cpp.o[0m
[ 55%] [32mBuilding CXX object CMakeFiles/DSSToROSImageNode.dir/src/defaultGateway.cpp.o[0m
[ 55%] [32mBuilding CXX object CMakeFiles/DSSToROSIMUNode.dir/src/dss.pb.cc.o[0m
[ 57%] [32mBuilding CXX object CMakeFiles/DSSToROSIMUNode.dir/src/defaultGateway.cpp.o[0m
[ 58%] [32mBuilding CXX object CMakeFiles/DSSToROSImageNode.dir/src/dss.pb.cc.o[0m
[ 62%] [32mBuilding CXX object CMakeFiles/DSSToROSClockNode.dir/src/defaultGateway.cpp.o[0m
[ 62%] [32mBuilding CXX object CMakeFiles/DSSToROSClockNode.dir/src/dss.pb.cc.o[0m
[ 64%] [32mBuilding CXX object CMakeFiles/DSSDemoNode.dir/src/DSS.VSSClient.cpp.o[0m
[ 66%] [32mBuilding CXX object CMakeFiles/DSSDemoNode.dir/src/defaultGateway.cpp.o[0m
[ 67%] [32mBuilding CXX object CMakeFiles/DSSDemoNode.dir/src/dss.pb.cc.o[0m
[ 69%] [32m[1mLinking CXX shared library libdss_ros2_bridge__rosidl_typesupport_introspection_cpp.so[0m
[ 71%] [32m[1mLinking CXX shared library libdss_ros2_bridge__rosidl_typesupport_fastrtps_cpp.so[0m
[ 71%] Built target dss_ros2_bridge__rosidl_typesupport_introspection_cpp
[ 73%] [32m[1mLinking CXX shared library libdss_ros2_bridge__rosidl_typesupport_fastrtps_c.so[0m
[ 73%] Built target dss_ros2_bridge__rosidl_typesupport_fastrtps_cpp
[ 73%] Built target dss_ros2_bridge__rosidl_typesupport_fastrtps_c
[ 73%] Built target dss_ros2_bridge
[ 75%] [34m[1mGenerating Python code for ROS interfaces[0m
[ 75%] Built target dss_ros2_bridge__py
[ 76%] [32mBuilding C object CMakeFiles/dss_ros2_bridge__rosidl_generator_py.dir/rosidl_generator_py/dss_ros2_bridge/msg/_dss_control_s.c.o[0m
[ 78%] [32m[1mLinking C shared library rosidl_generator_py/dss_ros2_bridge/libdss_ros2_bridge__rosidl_generator_py.so[0m
[ 78%] Built target dss_ros2_bridge__rosidl_generator_py
[ 80%] [32mBuilding C object CMakeFiles/dss_ros2_bridge__rosidl_typesupport_c__pyext.dir/rosidl_generator_py/dss_ros2_bridge/_dss_ros2_bridge_s.ep.rosidl_typesupport_c.c.o[0m
[ 82%] [32mBuilding C object CMakeFiles/dss_ros2_bridge__rosidl_typesupport_introspection_c__pyext.dir/rosidl_generator_py/dss_ros2_bridge/_dss_ros2_bridge_s.ep.rosidl_typesupport_introspection_c.c.o[0m
[ 83%] [32mBuilding C object CMakeFiles/dss_ros2_bridge__rosidl_typesupport_fastrtps_c__pyext.dir/rosidl_generator_py/dss_ros2_bridge/_dss_ros2_bridge_s.ep.rosidl_typesupport_fastrtps_c.c.o[0m
[ 85%] [32m[1mLinking C shared library rosidl_generator_py/dss_ros2_bridge/dss_ros2_bridge_s__rosidl_typesupport_c.cpython-310-x86_64-linux-gnu.so[0m
[ 87%] [32m[1mLinking C shared library rosidl_generator_py/dss_ros2_bridge/dss_ros2_bridge_s__rosidl_typesupport_fastrtps_c.cpython-310-x86_64-linux-gnu.so[0m
[ 89%] [32m[1mLinking C shared library rosidl_generator_py/dss_ros2_bridge/dss_ros2_bridge_s__rosidl_typesupport_introspection_c.cpython-310-x86_64-linux-gnu.so[0m
[ 89%] Built target dss_ros2_bridge__rosidl_typesupport_c__pyext
[ 89%] Built target dss_ros2_bridge__rosidl_typesupport_fastrtps_c__pyext
[ 89%] Built target dss_ros2_bridge__rosidl_typesupport_introspection_c__pyext
[ 91%] [32m[1mLinking CXX executable DSSDemoNode[0m
[ 91%] Built target DSSDemoNode
