[0.006s] Invoking command in '/home/dss/ros2_ws/build/dss_ros2_bridge': CMAKE_PREFIX_PATH=/opt/ros/humble /usr/bin/cmake /home/dss/ros2_ws/src/dss_ros2_bridge -DCMAKE_INSTALL_PREFIX=/home/dss/ros2_ws/install/dss_ros2_bridge
[0.011s] -- Found ament_cmake: 1.3.12 (/opt/ros/humble/share/ament_cmake/cmake)
[0.075s] -- Found rclcpp: 16.0.17 (/opt/ros/humble/share/rclcpp/cmake)
[0.124s] -- Found rosidl_generator_c: 3.1.8 (/opt/ros/humble/share/rosidl_generator_c/cmake)
[0.125s] -- Found rosidl_adapter: 3.1.8 (/opt/ros/humble/share/rosidl_adapter/cmake)
[0.128s] -- Found rosidl_generator_cpp: 3.1.8 (/opt/ros/humble/share/rosidl_generator_cpp/cmake)
[0.133s] -- Using all available rosidl_typesupport_c: rosidl_typesupport_fastrtps_c;rosidl_typesupport_introspection_c
[0.139s] -- Using all available rosidl_typesupport_cpp: rosidl_typesupport_fastrtps_cpp;rosidl_typesupport_introspection_cpp
[0.155s] -- Found rmw_implementation_cmake: 6.1.2 (/opt/ros/humble/share/rmw_implementation_cmake/cmake)
[0.155s] -- Found rmw_fastrtps_cpp: 6.2.9 (/opt/ros/humble/share/rmw_fastrtps_cpp/cmake)
[1.590s] -- Using RMW implementation 'rmw_fastrtps_cpp' as default
[1.614s] -- Found rclpy: 3.3.19 (/opt/ros/humble/share/rclpy/cmake)
[1.614s] -- Found cv_bridge: 3.2.1 (/opt/ros/humble/share/cv_bridge/cmake)
[1.634s] -- Found nav_msgs: 4.9.0 (/opt/ros/humble/share/nav_msgs/cmake)
[1.642s] -- Found visualization_msgs: 4.9.0 (/opt/ros/humble/share/visualization_msgs/cmake)
[1.659s] -- Found rosidl_default_generators: 1.2.0 (/opt/ros/humble/share/rosidl_default_generators/cmake)
[1.794s] -- Found ament_cmake_ros: 0.10.0 (/opt/ros/humble/share/ament_cmake_ros/cmake)
[1.943s] -- Using all available rosidl_typesupport_c: rosidl_typesupport_fastrtps_c;rosidl_typesupport_introspection_c
[2.000s] -- Using all available rosidl_typesupport_cpp: rosidl_typesupport_fastrtps_cpp;rosidl_typesupport_introspection_cpp
[2.013s] -- Found python_cmake_module: 0.10.0 (/opt/ros/humble/share/python_cmake_module/cmake)
[2.024s] -- Using PYTHON_EXECUTABLE: /usr/bin/python3
[2.024s] -- Using PYTHON_INCLUDE_DIRS: /usr/include/python3.10
[2.024s] -- Using PYTHON_LIBRARIES: /usr/lib/x86_64-linux-gnu/libpython3.10.so
[2.037s] -- Configuring done
[2.071s] -- Generating done
[2.084s] -- Build files have been written to: /home/dss/ros2_ws/build/dss_ros2_bridge
[2.089s] Invoked command in '/home/dss/ros2_ws/build/dss_ros2_bridge' returned '0': CMAKE_PREFIX_PATH=/opt/ros/humble /usr/bin/cmake /home/dss/ros2_ws/src/dss_ros2_bridge -DCMAKE_INSTALL_PREFIX=/home/dss/ros2_ws/install/dss_ros2_bridge
[2.091s] Invoking command in '/home/dss/ros2_ws/build/dss_ros2_bridge': CMAKE_PREFIX_PATH=/opt/ros/humble /usr/bin/cmake --build /home/dss/ros2_ws/build/dss_ros2_bridge -- -j24 -l24
[2.110s] [  1%] [34m[1mGenerating C code for ROS interfaces[0m
[2.115s] [  3%] [34m[1mGenerating C++ code for ROS interfaces[0m
[2.119s] [  3%] Built target ament_cmake_python_copy_dss_ros2_bridge
[2.228s] running egg_info
[2.228s] creating dss_ros2_bridge.egg-info
[2.229s] writing dss_ros2_bridge.egg-info/PKG-INFO
[2.229s] writing dependency_links to dss_ros2_bridge.egg-info/dependency_links.txt
[2.229s] writing top-level names to dss_ros2_bridge.egg-info/top_level.txt
[2.229s] writing manifest file 'dss_ros2_bridge.egg-info/SOURCES.txt'
[2.231s] reading manifest file 'dss_ros2_bridge.egg-info/SOURCES.txt'
[2.231s] writing manifest file 'dss_ros2_bridge.egg-info/SOURCES.txt'
[2.236s] [  3%] Built target dss_ros2_bridge__cpp
[2.240s] [  5%] [32mBuilding C object CMakeFiles/dss_ros2_bridge__rosidl_generator_c.dir/rosidl_generator_c/dss_ros2_bridge/msg/detail/dss_control__functions.c.o[0m
[2.241s] [  7%] [34m[1mGenerating C++ type support dispatch for ROS interfaces[0m
[2.241s] [  8%] [34m[1mGenerating C++ introspection for ROS interfaces[0m
[2.241s] [ 10%] [34m[1mGenerating C++ type support for eProsima Fast-RTPS[0m
[2.244s] [ 10%] Built target ament_cmake_python_build_dss_ros2_bridge_egg
[2.267s] [ 12%] [32m[1mLinking C shared library libdss_ros2_bridge__rosidl_generator_c.so[0m
[2.318s] [ 12%] Built target dss_ros2_bridge__rosidl_generator_c
[2.323s] [ 14%] [34m[1mGenerating C type support for eProsima Fast-RTPS[0m
[2.323s] [ 17%] [34m[1mGenerating C introspection for ROS interfaces[0m
[2.323s] [ 17%] [34m[1mGenerating C type support dispatch for ROS interfaces[0m
[2.346s] [ 19%] [32mBuilding CXX object CMakeFiles/dss_ros2_bridge__rosidl_typesupport_cpp.dir/rosidl_typesupport_cpp/dss_ros2_bridge/msg/dss_control__type_support.cpp.o[0m
[2.353s] [ 21%] [32mBuilding CXX object CMakeFiles/dss_ros2_bridge__rosidl_typesupport_introspection_cpp.dir/rosidl_typesupport_introspection_cpp/dss_ros2_bridge/msg/detail/dss_control__type_support.cpp.o[0m
[2.357s] [ 23%] [32mBuilding CXX object CMakeFiles/dss_ros2_bridge__rosidl_typesupport_fastrtps_cpp.dir/rosidl_typesupport_fastrtps_cpp/dss_ros2_bridge/msg/detail/dds_fastrtps/dss_control__type_support.cpp.o[0m
[2.436s] [ 25%] [32mBuilding CXX object CMakeFiles/dss_ros2_bridge__rosidl_typesupport_c.dir/rosidl_typesupport_c/dss_ros2_bridge/msg/dss_control__type_support.cpp.o[0m
[2.440s] [ 26%] [32mBuilding C object CMakeFiles/dss_ros2_bridge__rosidl_typesupport_introspection_c.dir/rosidl_typesupport_introspection_c/dss_ros2_bridge/msg/detail/dss_control__type_support.c.o[0m
[2.443s] [ 28%] [32mBuilding CXX object CMakeFiles/dss_ros2_bridge__rosidl_typesupport_fastrtps_c.dir/rosidl_typesupport_fastrtps_c/dss_ros2_bridge/msg/detail/dss_control__type_support_c.cpp.o[0m
[2.451s] [ 30%] [32m[1mLinking CXX shared library libdss_ros2_bridge__rosidl_typesupport_c.so[0m
[2.457s] [ 32%] [32m[1mLinking C shared library libdss_ros2_bridge__rosidl_typesupport_introspection_c.so[0m
[2.471s] [ 33%] [32m[1mLinking CXX shared library libdss_ros2_bridge__rosidl_typesupport_cpp.so[0m
[2.502s] [ 33%] Built target dss_ros2_bridge__rosidl_typesupport_introspection_c
[2.502s] [ 33%] Built target dss_ros2_bridge__rosidl_typesupport_c
[2.523s] [ 33%] Built target dss_ros2_bridge__rosidl_typesupport_cpp
[2.536s] [ 35%] [32mBuilding CXX object CMakeFiles/DSSToROSPointCloudNode.dir/src/DSSToROSPointCloud.cpp.o[0m
[2.536s] [ 42%] [32mBuilding CXX object CMakeFiles/DSSToROSPointCloudNode.dir/src/defaultGateway.cpp.o[0m
[2.536s] [ 42%] [32mBuilding CXX object CMakeFiles/DSSToROSIMUNode.dir/src/DSSToROSIMU.cpp.o[0m
[2.536s] [ 42%] [32mBuilding CXX object CMakeFiles/DSSToROSGpsNode.dir/src/DSSToROSGps.cpp.o[0m
[2.536s] [ 42%] [32mBuilding CXX object CMakeFiles/DSSToROSImageNode.dir/src/DSSToROSImage.cpp.o[0m
[2.537s] [ 44%] [32mBuilding CXX object CMakeFiles/DSSToROSGpsNode.dir/src/dss.pb.cc.o[0m
[2.537s] [ 46%] [32mBuilding CXX object CMakeFiles/DSSToROSPointCloudNode.dir/src/dss.pb.cc.o[0m
[2.537s] [ 48%] [32mBuilding CXX object CMakeFiles/DSSToROSClockNode.dir/src/DSSToROSClock.cpp.o[0m
[2.537s] [ 50%] [32mBuilding CXX object CMakeFiles/DSSDemoNode.dir/src/DSSDemo.cpp.o[0m
[2.537s] [ 51%] [32mBuilding CXX object CMakeFiles/DSSToROSGpsNode.dir/src/defaultGateway.cpp.o[0m
[2.538s] [ 55%] [32mBuilding CXX object CMakeFiles/DSSToROSImageNode.dir/src/defaultGateway.cpp.o[0m
[2.538s] [ 55%] [32mBuilding CXX object CMakeFiles/DSSToROSIMUNode.dir/src/dss.pb.cc.o[0m
[2.538s] [ 57%] [32mBuilding CXX object CMakeFiles/DSSToROSIMUNode.dir/src/defaultGateway.cpp.o[0m
[2.539s] [ 58%] [32mBuilding CXX object CMakeFiles/DSSToROSImageNode.dir/src/dss.pb.cc.o[0m
[2.539s] [ 62%] [32mBuilding CXX object CMakeFiles/DSSToROSClockNode.dir/src/defaultGateway.cpp.o[0m
[2.539s] [ 62%] [32mBuilding CXX object CMakeFiles/DSSToROSClockNode.dir/src/dss.pb.cc.o[0m
[2.539s] [ 64%] [32mBuilding CXX object CMakeFiles/DSSDemoNode.dir/src/DSS.VSSClient.cpp.o[0m
[2.539s] [ 66%] [32mBuilding CXX object CMakeFiles/DSSDemoNode.dir/src/defaultGateway.cpp.o[0m
[2.539s] [ 67%] [32mBuilding CXX object CMakeFiles/DSSDemoNode.dir/src/dss.pb.cc.o[0m
[2.548s] [ 69%] [32m[1mLinking CXX shared library libdss_ros2_bridge__rosidl_typesupport_introspection_cpp.so[0m
[2.554s] [ 71%] [32m[1mLinking CXX shared library libdss_ros2_bridge__rosidl_typesupport_fastrtps_cpp.so[0m
[2.628s] [ 71%] Built target dss_ros2_bridge__rosidl_typesupport_introspection_cpp
[2.653s] [ 73%] [32m[1mLinking CXX shared library libdss_ros2_bridge__rosidl_typesupport_fastrtps_c.so[0m
[2.673s] [ 73%] Built target dss_ros2_bridge__rosidl_typesupport_fastrtps_cpp
[2.805s] [ 73%] Built target dss_ros2_bridge__rosidl_typesupport_fastrtps_c
[2.826s] [ 73%] Built target dss_ros2_bridge
[2.849s] [ 75%] [34m[1mGenerating Python code for ROS interfaces[0m
[2.859s] [01m[K/home/dss/ros2_ws/src/dss_ros2_bridge/src/DSSToROSClock.cpp:9:10:[m[K [01;31m[Kfatal error: [m[Knlohmann/json.hpp: No such file or directory
[2.859s]     9 | #include [01;31m[K"nlohmann/json.hpp"[m[K
[2.859s]       |          [01;31m[K^~~~~~~~~~~~~~~~~~~[m[K
[2.859s] compilation terminated.
[2.862s] [01m[K/home/dss/ros2_ws/src/dss_ros2_bridge/src/DSSToROSGps.cpp:10:10:[m[K [01;31m[Kfatal error: [m[Knlohmann/json.hpp: No such file or directory
[2.862s]    10 | #include [01;31m[K"nlohmann/json.hpp"[m[K
[2.862s]       |          [01;31m[K^~~~~~~~~~~~~~~~~~~[m[K
[2.862s] compilation terminated.
[2.862s] gmake[2]: *** [CMakeFiles/DSSToROSClockNode.dir/build.make:76: CMakeFiles/DSSToROSClockNode.dir/src/DSSToROSClock.cpp.o] Error 1
[2.862s] gmake[2]: *** Waiting for unfinished jobs....
[2.862s] [01m[K/home/dss/ros2_ws/src/dss_ros2_bridge/src/DSSToROSPointCloud.cpp:7:10:[m[K [01;31m[Kfatal error: [m[Knlohmann/json.hpp: No such file or directory
[2.863s]     7 | #include [01;31m[K"nlohmann/json.hpp"[m[K
[2.863s]       |          [01;31m[K^~~~~~~~~~~~~~~~~~~[m[K
[2.863s] compilation terminated.
[2.865s] gmake[2]: *** [CMakeFiles/DSSToROSGpsNode.dir/build.make:76: CMakeFiles/DSSToROSGpsNode.dir/src/DSSToROSGps.cpp.o] Error 1
[2.865s] gmake[2]: *** Waiting for unfinished jobs....
[2.865s] gmake[2]: *** [CMakeFiles/DSSToROSPointCloudNode.dir/build.make:76: CMakeFiles/DSSToROSPointCloudNode.dir/src/DSSToROSPointCloud.cpp.o] Error 1
[2.865s] gmake[2]: *** Waiting for unfinished jobs....
[2.986s] [01m[K/home/dss/ros2_ws/src/dss_ros2_bridge/src/DSSToROSImage.cpp:7:10:[m[K [01;31m[Kfatal error: [m[Knlohmann/json.hpp: No such file or directory
[2.986s]     7 | #include [01;31m[K"nlohmann/json.hpp"[m[K
[2.986s]       |          [01;31m[K^~~~~~~~~~~~~~~~~~~[m[K
[2.986s] compilation terminated.
[2.988s] gmake[2]: *** [CMakeFiles/DSSToROSImageNode.dir/build.make:76: CMakeFiles/DSSToROSImageNode.dir/src/DSSToROSImage.cpp.o] Error 1
[2.988s] gmake[2]: *** Waiting for unfinished jobs....
[3.014s] [01m[K/home/dss/ros2_ws/src/dss_ros2_bridge/src/DSSToROSIMU.cpp:14:10:[m[K [01;31m[Kfatal error: [m[Knlohmann/json.hpp: No such file or directory
[3.014s]    14 | #include [01;31m[K"nlohmann/json.hpp"[m[K
[3.014s]       |          [01;31m[K^~~~~~~~~~~~~~~~~~~[m[K
[3.014s] compilation terminated.
[3.016s] gmake[2]: *** [CMakeFiles/DSSToROSIMUNode.dir/build.make:76: CMakeFiles/DSSToROSIMUNode.dir/src/DSSToROSIMU.cpp.o] Error 1
[3.016s] gmake[2]: *** Waiting for unfinished jobs....
[3.078s] [ 75%] Built target dss_ros2_bridge__py
[3.094s] [ 76%] [32mBuilding C object CMakeFiles/dss_ros2_bridge__rosidl_generator_py.dir/rosidl_generator_py/dss_ros2_bridge/msg/_dss_control_s.c.o[0m
[3.176s] [ 78%] [32m[1mLinking C shared library rosidl_generator_py/dss_ros2_bridge/libdss_ros2_bridge__rosidl_generator_py.so[0m
[3.236s] [ 78%] Built target dss_ros2_bridge__rosidl_generator_py
[3.248s] [ 80%] [32mBuilding C object CMakeFiles/dss_ros2_bridge__rosidl_typesupport_c__pyext.dir/rosidl_generator_py/dss_ros2_bridge/_dss_ros2_bridge_s.ep.rosidl_typesupport_c.c.o[0m
[3.250s] [ 82%] [32mBuilding C object CMakeFiles/dss_ros2_bridge__rosidl_typesupport_introspection_c__pyext.dir/rosidl_generator_py/dss_ros2_bridge/_dss_ros2_bridge_s.ep.rosidl_typesupport_introspection_c.c.o[0m
[3.250s] [ 83%] [32mBuilding C object CMakeFiles/dss_ros2_bridge__rosidl_typesupport_fastrtps_c__pyext.dir/rosidl_generator_py/dss_ros2_bridge/_dss_ros2_bridge_s.ep.rosidl_typesupport_fastrtps_c.c.o[0m
[3.295s] [ 85%] [32m[1mLinking C shared library rosidl_generator_py/dss_ros2_bridge/dss_ros2_bridge_s__rosidl_typesupport_c.cpython-310-x86_64-linux-gnu.so[0m
[3.298s] [ 87%] [32m[1mLinking C shared library rosidl_generator_py/dss_ros2_bridge/dss_ros2_bridge_s__rosidl_typesupport_fastrtps_c.cpython-310-x86_64-linux-gnu.so[0m
[3.319s] [ 89%] [32m[1mLinking C shared library rosidl_generator_py/dss_ros2_bridge/dss_ros2_bridge_s__rosidl_typesupport_introspection_c.cpython-310-x86_64-linux-gnu.so[0m
[3.360s] [ 89%] Built target dss_ros2_bridge__rosidl_typesupport_c__pyext
[3.362s] [ 89%] Built target dss_ros2_bridge__rosidl_typesupport_fastrtps_c__pyext
[3.381s] [ 89%] Built target dss_ros2_bridge__rosidl_typesupport_introspection_c__pyext
[3.865s] gmake[1]: *** [CMakeFiles/Makefile2:630: CMakeFiles/DSSToROSPointCloudNode.dir/all] Error 2
[3.866s] gmake[1]: *** Waiting for unfinished jobs....
[3.890s] gmake[1]: *** [CMakeFiles/Makefile2:684: CMakeFiles/DSSToROSClockNode.dir/all] Error 2
[3.895s] gmake[1]: *** [CMakeFiles/Makefile2:603: CMakeFiles/DSSToROSImageNode.dir/all] Error 2
[3.900s] gmake[1]: *** [CMakeFiles/Makefile2:711: CMakeFiles/DSSToROSGpsNode.dir/all] Error 2
[3.921s] gmake[1]: *** [CMakeFiles/Makefile2:657: CMakeFiles/DSSToROSIMUNode.dir/all] Error 2
[9.835s] [ 91%] [32m[1mLinking CXX executable DSSDemoNode[0m
[10.387s] [ 91%] Built target DSSDemoNode
[10.387s] gmake: *** [Makefile:146: all] Error 2
[10.389s] Invoked command in '/home/dss/ros2_ws/build/dss_ros2_bridge' returned '2': CMAKE_PREFIX_PATH=/opt/ros/humble /usr/bin/cmake --build /home/dss/ros2_ws/build/dss_ros2_bridge -- -j24 -l24
