[0.006s] Invoking command in '/home/dss/ros2_ws/build/dss_ros2_bridge': CMAKE_PREFIX_PATH=/opt/ros/humble /usr/bin/cmake /home/dss/ros2_ws/src/dss_ros2_bridge -DCMAKE_INSTALL_PREFIX=/home/dss/ros2_ws/install/dss_ros2_bridge
[0.054s] -- The C compiler identification is GNU 11.4.0
[0.186s] -- The CXX compiler identification is GNU 11.4.0
[0.271s] -- Detecting C compiler ABI info
[0.328s] -- Detecting C compiler ABI info - done
[0.332s] -- Check for working C compiler: /usr/bin/cc - skipped
[0.332s] -- Detecting C compile features
[0.332s] -- Detecting C compile features - done
[0.334s] -- Detecting CXX compiler ABI info
[0.398s] -- Detecting CXX compiler ABI info - done
[0.402s] -- Check for working CXX compiler: /usr/bin/c++ - skipped
[0.402s] -- Detecting CXX compile features
[0.403s] -- Detecting CXX compile features - done
[0.404s] -- Found ament_cmake: 1.3.12 (/opt/ros/humble/share/ament_cmake/cmake)
[0.480s] -- Found Python3: /usr/bin/python3 (found version "3.10.12") found components: Interpreter 
[0.523s] -- Found rclcpp: 16.0.17 (/opt/ros/humble/share/rclcpp/cmake)
[0.580s] -- Found rosidl_generator_c: 3.1.8 (/opt/ros/humble/share/rosidl_generator_c/cmake)
[0.582s] -- Found rosidl_adapter: 3.1.8 (/opt/ros/humble/share/rosidl_adapter/cmake)
[0.586s] -- Found rosidl_generator_cpp: 3.1.8 (/opt/ros/humble/share/rosidl_generator_cpp/cmake)
[0.591s] -- Using all available rosidl_typesupport_c: rosidl_typesupport_fastrtps_c;rosidl_typesupport_introspection_c
[0.598s] -- Using all available rosidl_typesupport_cpp: rosidl_typesupport_fastrtps_cpp;rosidl_typesupport_introspection_cpp
[0.618s] -- Found rmw_implementation_cmake: 6.1.2 (/opt/ros/humble/share/rmw_implementation_cmake/cmake)
[0.619s] -- Found rmw_fastrtps_cpp: 6.2.9 (/opt/ros/humble/share/rmw_fastrtps_cpp/cmake)
[1.002s] -- Found OpenSSL: /usr/lib/x86_64-linux-gnu/libcrypto.so (found version "3.0.2")  
[1.399s] -- Found FastRTPS: /opt/ros/humble/include  
[2.086s] -- Using RMW implementation 'rmw_fastrtps_cpp' as default
[2.089s] -- Looking for pthread.h
[2.149s] -- Looking for pthread.h - found
[2.149s] -- Performing Test CMAKE_HAVE_LIBC_PTHREAD
[2.204s] -- Performing Test CMAKE_HAVE_LIBC_PTHREAD - Success
[2.205s] -- Found Threads: TRUE  
[2.230s] -- Found rclpy: 3.3.19 (/opt/ros/humble/share/rclpy/cmake)
[2.231s] -- Found cv_bridge: 3.2.1 (/opt/ros/humble/share/cv_bridge/cmake)
[2.251s] -- Found nav_msgs: 4.9.0 (/opt/ros/humble/share/nav_msgs/cmake)
[2.260s] -- Found visualization_msgs: 4.9.0 (/opt/ros/humble/share/visualization_msgs/cmake)
[2.272s] -- Found OpenCV: /usr (found version "4.5.4") 
[2.371s] -- Found Protobuf: /usr/local/lib/libprotobuf.so (found suitable version "3.15.0", minimum required is "3.15") 
[2.372s] -- Found rosidl_default_generators: 1.2.0 (/opt/ros/humble/share/rosidl_default_generators/cmake)
[2.515s] -- Found ament_cmake_ros: 0.10.0 (/opt/ros/humble/share/ament_cmake_ros/cmake)
[2.671s] -- Using all available rosidl_typesupport_c: rosidl_typesupport_fastrtps_c;rosidl_typesupport_introspection_c
[2.730s] -- Using all available rosidl_typesupport_cpp: rosidl_typesupport_fastrtps_cpp;rosidl_typesupport_introspection_cpp
[2.773s] -- Found PythonInterp: /usr/bin/python3 (found suitable version "3.10.12", minimum required is "3.6") 
[2.774s] -- Found python_cmake_module: 0.10.0 (/opt/ros/humble/share/python_cmake_module/cmake)
[2.881s] -- Found PythonLibs: /usr/lib/x86_64-linux-gnu/libpython3.10.so (found suitable version "3.10.12", minimum required is "3.5") 
[2.881s] -- Using PYTHON_EXECUTABLE: /usr/bin/python3
[2.881s] -- Using PYTHON_INCLUDE_DIRS: /usr/include/python3.10
[2.882s] -- Using PYTHON_LIBRARIES: /usr/lib/x86_64-linux-gnu/libpython3.10.so
[2.893s] -- Found PythonExtra: .so  
[2.934s] -- Configuring done
[2.936s] [0mCMake Error: The following variables are used in this project, but they are set to NOTFOUND.
[2.936s] Please set them or make sure they are set and tested correctly in the CMake files:
[2.936s] NATS_LIB
[2.936s]     linked by target "DSSToROSIMUNode" in directory /home/dss/ros2_ws/src/dss_ros2_bridge
[2.936s]     linked by target "DSSToROSPointCloudNode" in directory /home/dss/ros2_ws/src/dss_ros2_bridge
[2.936s]     linked by target "DSSToROSImageNode" in directory /home/dss/ros2_ws/src/dss_ros2_bridge
[2.936s]     linked by target "DSSToROSClockNode" in directory /home/dss/ros2_ws/src/dss_ros2_bridge
[2.936s]     linked by target "DSSToROSGpsNode" in directory /home/dss/ros2_ws/src/dss_ros2_bridge
[2.936s]     linked by target "DSSDemoNode" in directory /home/dss/ros2_ws/src/dss_ros2_bridge
[2.936s] [0m
[2.973s] -- Generating done
[2.974s] [0mCMake Generate step failed.  Build files cannot be regenerated correctly.[0m
[2.980s] Invoked command in '/home/dss/ros2_ws/build/dss_ros2_bridge' returned '1': CMAKE_PREFIX_PATH=/opt/ros/humble /usr/bin/cmake /home/dss/ros2_ws/src/dss_ros2_bridge -DCMAKE_INSTALL_PREFIX=/home/dss/ros2_ws/install/dss_ros2_bridge
