[0.139s] Invoking command in '/home/dss/ros2_ws/build/dss_ros2_bridge': CMAKE_PREFIX_PATH=/opt/ros/humble /usr/bin/cmake --build /home/dss/ros2_ws/build/dss_ros2_bridge -- -j24 -l24
[0.169s] [  5%] Built target dss_ros2_bridge__rosidl_generator_c
[0.169s] [  7%] Built target dss_ros2_bridge__cpp
[0.174s] [  7%] Built target ament_cmake_python_copy_dss_ros2_bridge
[0.181s] [ 12%] Built target dss_ros2_bridge__rosidl_typesupport_fastrtps_c
[0.181s] [ 17%] Built target dss_ros2_bridge__rosidl_typesupport_c
[0.181s] [ 23%] Built target dss_ros2_bridge__rosidl_typesupport_introspection_c
[0.185s] [ 28%] Built target dss_ros2_bridge__rosidl_typesupport_introspection_cpp
[0.187s] [ 33%] Built target dss_ros2_bridge__rosidl_typesupport_cpp
[0.188s] [ 39%] Built target dss_ros2_bridge__rosidl_typesupport_fastrtps_cpp
[0.204s] [ 39%] Built target dss_ros2_bridge
[0.206s] [ 46%] Built target DSSToROSIMUNode
[0.207s] [ 53%] Built target DSSToROSPointCloudNode
[0.208s] [ 67%] Built target DSSToROSGpsNode
[0.208s] [ 67%] Built target DSSToROSClockNode
[0.208s] [ 75%] Built target DSSToROSImageNode
[0.209s] [ 83%] Built target DSSDemoNode
[0.219s] [ 85%] Built target dss_ros2_bridge__py
[0.232s] [ 89%] Built target dss_ros2_bridge__rosidl_generator_py
[0.245s] [100%] Built target dss_ros2_bridge__rosidl_typesupport_introspection_c__pyext
[0.245s] [100%] Built target dss_ros2_bridge__rosidl_typesupport_fastrtps_c__pyext
[0.245s] [100%] Built target dss_ros2_bridge__rosidl_typesupport_c__pyext
[0.314s] running egg_info
[0.314s] writing dss_ros2_bridge.egg-info/PKG-INFO
[0.314s] writing dependency_links to dss_ros2_bridge.egg-info/dependency_links.txt
[0.315s] writing top-level names to dss_ros2_bridge.egg-info/top_level.txt
[0.317s] reading manifest file 'dss_ros2_bridge.egg-info/SOURCES.txt'
[0.317s] writing manifest file 'dss_ros2_bridge.egg-info/SOURCES.txt'
[0.333s] [100%] Built target ament_cmake_python_build_dss_ros2_bridge_egg
[0.342s] Invoked command in '/home/dss/ros2_ws/build/dss_ros2_bridge' returned '0': CMAKE_PREFIX_PATH=/opt/ros/humble /usr/bin/cmake --build /home/dss/ros2_ws/build/dss_ros2_bridge -- -j24 -l24
[0.347s] Invoking command in '/home/dss/ros2_ws/build/dss_ros2_bridge': CMAKE_PREFIX_PATH=/opt/ros/humble /usr/bin/cmake --install /home/dss/ros2_ws/build/dss_ros2_bridge
[0.352s] -- Install configuration: ""
[0.352s] -- Up-to-date: /home/dss/ros2_ws/install/dss_ros2_bridge/share/ament_index/resource_index/rosidl_interfaces/dss_ros2_bridge
[0.352s] -- Up-to-date: /home/dss/ros2_ws/install/dss_ros2_bridge/include/dss_ros2_bridge/dss_ros2_bridge
[0.353s] -- Up-to-date: /home/dss/ros2_ws/install/dss_ros2_bridge/include/dss_ros2_bridge/dss_ros2_bridge/msg
[0.353s] -- Up-to-date: /home/dss/ros2_ws/install/dss_ros2_bridge/include/dss_ros2_bridge/dss_ros2_bridge/msg/rosidl_generator_c__visibility_control.h
[0.353s] -- Up-to-date: /home/dss/ros2_ws/install/dss_ros2_bridge/include/dss_ros2_bridge/dss_ros2_bridge/msg/detail
[0.353s] -- Up-to-date: /home/dss/ros2_ws/install/dss_ros2_bridge/include/dss_ros2_bridge/dss_ros2_bridge/msg/detail/dss_control__struct.h
[0.353s] -- Up-to-date: /home/dss/ros2_ws/install/dss_ros2_bridge/include/dss_ros2_bridge/dss_ros2_bridge/msg/detail/dss_control__functions.c
[0.353s] -- Up-to-date: /home/dss/ros2_ws/install/dss_ros2_bridge/include/dss_ros2_bridge/dss_ros2_bridge/msg/detail/dss_control__functions.h
[0.353s] -- Up-to-date: /home/dss/ros2_ws/install/dss_ros2_bridge/include/dss_ros2_bridge/dss_ros2_bridge/msg/detail/dss_control__type_support.h
[0.353s] -- Up-to-date: /home/dss/ros2_ws/install/dss_ros2_bridge/include/dss_ros2_bridge/dss_ros2_bridge/msg/dss_control.h
[0.354s] -- Up-to-date: /home/dss/ros2_ws/install/dss_ros2_bridge/share/dss_ros2_bridge/environment/library_path.sh
[0.354s] -- Up-to-date: /home/dss/ros2_ws/install/dss_ros2_bridge/share/dss_ros2_bridge/environment/library_path.dsv
[0.354s] -- Up-to-date: /home/dss/ros2_ws/install/dss_ros2_bridge/lib/libdss_ros2_bridge__rosidl_generator_c.so
[0.354s] -- Up-to-date: /home/dss/ros2_ws/install/dss_ros2_bridge/include/dss_ros2_bridge/dss_ros2_bridge
[0.354s] -- Up-to-date: /home/dss/ros2_ws/install/dss_ros2_bridge/include/dss_ros2_bridge/dss_ros2_bridge/msg
[0.354s] -- Up-to-date: /home/dss/ros2_ws/install/dss_ros2_bridge/include/dss_ros2_bridge/dss_ros2_bridge/msg/rosidl_typesupport_fastrtps_c__visibility_control.h
[0.354s] -- Up-to-date: /home/dss/ros2_ws/install/dss_ros2_bridge/include/dss_ros2_bridge/dss_ros2_bridge/msg/detail
[0.354s] -- Up-to-date: /home/dss/ros2_ws/install/dss_ros2_bridge/include/dss_ros2_bridge/dss_ros2_bridge/msg/detail/dss_control__rosidl_typesupport_fastrtps_c.h
[0.354s] -- Up-to-date: /home/dss/ros2_ws/install/dss_ros2_bridge/lib/libdss_ros2_bridge__rosidl_typesupport_fastrtps_c.so
[0.354s] -- Up-to-date: /home/dss/ros2_ws/install/dss_ros2_bridge/include/dss_ros2_bridge/dss_ros2_bridge
[0.354s] -- Up-to-date: /home/dss/ros2_ws/install/dss_ros2_bridge/include/dss_ros2_bridge/dss_ros2_bridge/msg
[0.355s] -- Up-to-date: /home/dss/ros2_ws/install/dss_ros2_bridge/include/dss_ros2_bridge/dss_ros2_bridge/msg/dss_control.hpp
[0.355s] -- Up-to-date: /home/dss/ros2_ws/install/dss_ros2_bridge/include/dss_ros2_bridge/dss_ros2_bridge/msg/rosidl_generator_cpp__visibility_control.hpp
[0.355s] -- Up-to-date: /home/dss/ros2_ws/install/dss_ros2_bridge/include/dss_ros2_bridge/dss_ros2_bridge/msg/detail
[0.355s] -- Up-to-date: /home/dss/ros2_ws/install/dss_ros2_bridge/include/dss_ros2_bridge/dss_ros2_bridge/msg/detail/dss_control__type_support.hpp
[0.355s] -- Up-to-date: /home/dss/ros2_ws/install/dss_ros2_bridge/include/dss_ros2_bridge/dss_ros2_bridge/msg/detail/dss_control__builder.hpp
[0.355s] -- Up-to-date: /home/dss/ros2_ws/install/dss_ros2_bridge/include/dss_ros2_bridge/dss_ros2_bridge/msg/detail/dss_control__traits.hpp
[0.355s] -- Up-to-date: /home/dss/ros2_ws/install/dss_ros2_bridge/include/dss_ros2_bridge/dss_ros2_bridge/msg/detail/dss_control__struct.hpp
[0.355s] -- Up-to-date: /home/dss/ros2_ws/install/dss_ros2_bridge/include/dss_ros2_bridge/dss_ros2_bridge
[0.355s] -- Up-to-date: /home/dss/ros2_ws/install/dss_ros2_bridge/include/dss_ros2_bridge/dss_ros2_bridge/msg
[0.355s] -- Up-to-date: /home/dss/ros2_ws/install/dss_ros2_bridge/include/dss_ros2_bridge/dss_ros2_bridge/msg/rosidl_typesupport_fastrtps_cpp__visibility_control.h
[0.355s] -- Up-to-date: /home/dss/ros2_ws/install/dss_ros2_bridge/include/dss_ros2_bridge/dss_ros2_bridge/msg/detail
[0.355s] -- Up-to-date: /home/dss/ros2_ws/install/dss_ros2_bridge/include/dss_ros2_bridge/dss_ros2_bridge/msg/detail/dss_control__rosidl_typesupport_fastrtps_cpp.hpp
[0.356s] -- Up-to-date: /home/dss/ros2_ws/install/dss_ros2_bridge/include/dss_ros2_bridge/dss_ros2_bridge/msg/detail/dds_fastrtps
[0.356s] -- Up-to-date: /home/dss/ros2_ws/install/dss_ros2_bridge/lib/libdss_ros2_bridge__rosidl_typesupport_fastrtps_cpp.so
[0.356s] -- Up-to-date: /home/dss/ros2_ws/install/dss_ros2_bridge/include/dss_ros2_bridge/dss_ros2_bridge
[0.356s] -- Up-to-date: /home/dss/ros2_ws/install/dss_ros2_bridge/include/dss_ros2_bridge/dss_ros2_bridge/msg
[0.356s] -- Up-to-date: /home/dss/ros2_ws/install/dss_ros2_bridge/include/dss_ros2_bridge/dss_ros2_bridge/msg/rosidl_typesupport_introspection_c__visibility_control.h
[0.356s] -- Up-to-date: /home/dss/ros2_ws/install/dss_ros2_bridge/include/dss_ros2_bridge/dss_ros2_bridge/msg/detail
[0.356s] -- Up-to-date: /home/dss/ros2_ws/install/dss_ros2_bridge/include/dss_ros2_bridge/dss_ros2_bridge/msg/detail/dss_control__rosidl_typesupport_introspection_c.h
[0.356s] -- Up-to-date: /home/dss/ros2_ws/install/dss_ros2_bridge/include/dss_ros2_bridge/dss_ros2_bridge/msg/detail/dss_control__type_support.c
[0.356s] -- Up-to-date: /home/dss/ros2_ws/install/dss_ros2_bridge/lib/libdss_ros2_bridge__rosidl_typesupport_introspection_c.so
[0.356s] -- Up-to-date: /home/dss/ros2_ws/install/dss_ros2_bridge/lib/libdss_ros2_bridge__rosidl_typesupport_c.so
[0.356s] -- Up-to-date: /home/dss/ros2_ws/install/dss_ros2_bridge/include/dss_ros2_bridge/dss_ros2_bridge
[0.356s] -- Up-to-date: /home/dss/ros2_ws/install/dss_ros2_bridge/include/dss_ros2_bridge/dss_ros2_bridge/msg
[0.356s] -- Up-to-date: /home/dss/ros2_ws/install/dss_ros2_bridge/include/dss_ros2_bridge/dss_ros2_bridge/msg/detail
[0.356s] -- Up-to-date: /home/dss/ros2_ws/install/dss_ros2_bridge/include/dss_ros2_bridge/dss_ros2_bridge/msg/detail/dss_control__rosidl_typesupport_introspection_cpp.hpp
[0.356s] -- Up-to-date: /home/dss/ros2_ws/install/dss_ros2_bridge/include/dss_ros2_bridge/dss_ros2_bridge/msg/detail/dss_control__type_support.cpp
[0.356s] -- Up-to-date: /home/dss/ros2_ws/install/dss_ros2_bridge/lib/libdss_ros2_bridge__rosidl_typesupport_introspection_cpp.so
[0.356s] -- Up-to-date: /home/dss/ros2_ws/install/dss_ros2_bridge/lib/libdss_ros2_bridge__rosidl_typesupport_cpp.so
[0.356s] -- Up-to-date: /home/dss/ros2_ws/install/dss_ros2_bridge/share/dss_ros2_bridge/environment/pythonpath.sh
[0.356s] -- Up-to-date: /home/dss/ros2_ws/install/dss_ros2_bridge/share/dss_ros2_bridge/environment/pythonpath.dsv
[0.356s] -- Up-to-date: /home/dss/ros2_ws/install/dss_ros2_bridge/local/lib/python3.10/dist-packages/dss_ros2_bridge-1.0.0-py3.10.egg-info
[0.356s] -- Installing: /home/dss/ros2_ws/install/dss_ros2_bridge/local/lib/python3.10/dist-packages/dss_ros2_bridge-1.0.0-py3.10.egg-info/SOURCES.txt
[0.356s] -- Installing: /home/dss/ros2_ws/install/dss_ros2_bridge/local/lib/python3.10/dist-packages/dss_ros2_bridge-1.0.0-py3.10.egg-info/top_level.txt
[0.356s] -- Installing: /home/dss/ros2_ws/install/dss_ros2_bridge/local/lib/python3.10/dist-packages/dss_ros2_bridge-1.0.0-py3.10.egg-info/dependency_links.txt
[0.356s] -- Installing: /home/dss/ros2_ws/install/dss_ros2_bridge/local/lib/python3.10/dist-packages/dss_ros2_bridge-1.0.0-py3.10.egg-info/PKG-INFO
[0.356s] -- Up-to-date: /home/dss/ros2_ws/install/dss_ros2_bridge/local/lib/python3.10/dist-packages/dss_ros2_bridge
[0.356s] -- Up-to-date: /home/dss/ros2_ws/install/dss_ros2_bridge/local/lib/python3.10/dist-packages/dss_ros2_bridge/libdss_ros2_bridge__rosidl_generator_py.so
[0.356s] -- Up-to-date: /home/dss/ros2_ws/install/dss_ros2_bridge/local/lib/python3.10/dist-packages/dss_ros2_bridge/__init__.py
[0.356s] -- Up-to-date: /home/dss/ros2_ws/install/dss_ros2_bridge/local/lib/python3.10/dist-packages/dss_ros2_bridge/dss_ros2_bridge_s__rosidl_typesupport_c.cpython-310-x86_64-linux-gnu.so
[0.356s] -- Up-to-date: /home/dss/ros2_ws/install/dss_ros2_bridge/local/lib/python3.10/dist-packages/dss_ros2_bridge/_dss_ros2_bridge_s.ep.rosidl_typesupport_fastrtps_c.c
[0.356s] -- Up-to-date: /home/dss/ros2_ws/install/dss_ros2_bridge/local/lib/python3.10/dist-packages/dss_ros2_bridge/dss_ros2_bridge_s__rosidl_typesupport_fastrtps_c.cpython-310-x86_64-linux-gnu.so
[0.356s] -- Up-to-date: /home/dss/ros2_ws/install/dss_ros2_bridge/local/lib/python3.10/dist-packages/dss_ros2_bridge/_dss_ros2_bridge_s.ep.rosidl_typesupport_introspection_c.c
[0.357s] -- Up-to-date: /home/dss/ros2_ws/install/dss_ros2_bridge/local/lib/python3.10/dist-packages/dss_ros2_bridge/dss_ros2_bridge_s__rosidl_typesupport_introspection_c.cpython-310-x86_64-linux-gnu.so
[0.357s] -- Up-to-date: /home/dss/ros2_ws/install/dss_ros2_bridge/local/lib/python3.10/dist-packages/dss_ros2_bridge/msg
[0.357s] -- Up-to-date: /home/dss/ros2_ws/install/dss_ros2_bridge/local/lib/python3.10/dist-packages/dss_ros2_bridge/msg/__init__.py
[0.357s] -- Up-to-date: /home/dss/ros2_ws/install/dss_ros2_bridge/local/lib/python3.10/dist-packages/dss_ros2_bridge/msg/_dss_control.py
[0.357s] -- Up-to-date: /home/dss/ros2_ws/install/dss_ros2_bridge/local/lib/python3.10/dist-packages/dss_ros2_bridge/msg/_dss_control_s.c
[0.357s] -- Up-to-date: /home/dss/ros2_ws/install/dss_ros2_bridge/local/lib/python3.10/dist-packages/dss_ros2_bridge/_dss_ros2_bridge_s.ep.rosidl_typesupport_c.c
[0.378s] Listing '/home/dss/ros2_ws/install/dss_ros2_bridge/local/lib/python3.10/dist-packages/dss_ros2_bridge'...
[0.378s] Listing '/home/dss/ros2_ws/install/dss_ros2_bridge/local/lib/python3.10/dist-packages/dss_ros2_bridge/msg'...
[0.381s] -- Up-to-date: /home/dss/ros2_ws/install/dss_ros2_bridge/local/lib/python3.10/dist-packages/dss_ros2_bridge/dss_ros2_bridge_s__rosidl_typesupport_fastrtps_c.cpython-310-x86_64-linux-gnu.so
[0.381s] -- Up-to-date: /home/dss/ros2_ws/install/dss_ros2_bridge/local/lib/python3.10/dist-packages/dss_ros2_bridge/dss_ros2_bridge_s__rosidl_typesupport_introspection_c.cpython-310-x86_64-linux-gnu.so
[0.381s] -- Up-to-date: /home/dss/ros2_ws/install/dss_ros2_bridge/local/lib/python3.10/dist-packages/dss_ros2_bridge/dss_ros2_bridge_s__rosidl_typesupport_c.cpython-310-x86_64-linux-gnu.so
[0.381s] -- Up-to-date: /home/dss/ros2_ws/install/dss_ros2_bridge/lib/libdss_ros2_bridge__rosidl_generator_py.so
[0.381s] -- Up-to-date: /home/dss/ros2_ws/install/dss_ros2_bridge/share/dss_ros2_bridge/msg/DssControl.idl
[0.381s] -- Up-to-date: /home/dss/ros2_ws/install/dss_ros2_bridge/share/dss_ros2_bridge/msg/DssControl.msg
[0.381s] -- Up-to-date: /home/dss/ros2_ws/install/dss_ros2_bridge/lib/dss_ros2_bridge/DSSToROSImageNode
[0.382s] -- Up-to-date: /home/dss/ros2_ws/install/dss_ros2_bridge/lib/dss_ros2_bridge/DSSToROSClockNode
[0.382s] -- Up-to-date: /home/dss/ros2_ws/install/dss_ros2_bridge/lib/dss_ros2_bridge/DSSToROSPointCloudNode
[0.382s] -- Up-to-date: /home/dss/ros2_ws/install/dss_ros2_bridge/lib/dss_ros2_bridge/DSSToROSIMUNode
[0.382s] -- Up-to-date: /home/dss/ros2_ws/install/dss_ros2_bridge/lib/dss_ros2_bridge/DSSToROSGpsNode
[0.382s] -- Up-to-date: /home/dss/ros2_ws/install/dss_ros2_bridge/lib/dss_ros2_bridge/DSSDemoNode
[0.382s] -- Up-to-date: /home/dss/ros2_ws/install/dss_ros2_bridge/lib/dss_ros2_bridge/libdss_ros2_bridge__rosidl_typesupport_cpp.so
[0.382s] -- Up-to-date: /home/dss/ros2_ws/install/dss_ros2_bridge/share/dss_ros2_bridge/msg
[0.382s] -- Up-to-date: /home/dss/ros2_ws/install/dss_ros2_bridge/share/dss_ros2_bridge/msg/DssControl.msg:Zone.Identifier
[0.382s] -- Up-to-date: /home/dss/ros2_ws/install/dss_ros2_bridge/share/dss_ros2_bridge/msg/DssControl.msg
[0.382s] -- Up-to-date: /home/dss/ros2_ws/install/dss_ros2_bridge/share/dss_ros2_bridge/launch
[0.382s] -- Up-to-date: /home/dss/ros2_ws/install/dss_ros2_bridge/share/dss_ros2_bridge/launch/launch.py:Zone.Identifier
[0.383s] -- Up-to-date: /home/dss/ros2_ws/install/dss_ros2_bridge/share/dss_ros2_bridge/launch/__pycache__
[0.383s] -- Up-to-date: /home/dss/ros2_ws/install/dss_ros2_bridge/share/dss_ros2_bridge/launch/__pycache__/launch.cpython-310.pyc
[0.383s] -- Up-to-date: /home/dss/ros2_ws/install/dss_ros2_bridge/share/dss_ros2_bridge/launch/__pycache__/launch.cpython-310.pyc:Zone.Identifier
[0.383s] -- Up-to-date: /home/dss/ros2_ws/install/dss_ros2_bridge/share/dss_ros2_bridge/launch/launch.py
[0.383s] -- Up-to-date: /home/dss/ros2_ws/install/dss_ros2_bridge/share/ament_index/resource_index/package_run_dependencies/dss_ros2_bridge
[0.383s] -- Up-to-date: /home/dss/ros2_ws/install/dss_ros2_bridge/share/ament_index/resource_index/parent_prefix_path/dss_ros2_bridge
[0.383s] -- Up-to-date: /home/dss/ros2_ws/install/dss_ros2_bridge/share/dss_ros2_bridge/environment/ament_prefix_path.sh
[0.383s] -- Up-to-date: /home/dss/ros2_ws/install/dss_ros2_bridge/share/dss_ros2_bridge/environment/ament_prefix_path.dsv
[0.383s] -- Up-to-date: /home/dss/ros2_ws/install/dss_ros2_bridge/share/dss_ros2_bridge/environment/path.sh
[0.383s] -- Up-to-date: /home/dss/ros2_ws/install/dss_ros2_bridge/share/dss_ros2_bridge/environment/path.dsv
[0.383s] -- Up-to-date: /home/dss/ros2_ws/install/dss_ros2_bridge/share/dss_ros2_bridge/local_setup.bash
[0.383s] -- Up-to-date: /home/dss/ros2_ws/install/dss_ros2_bridge/share/dss_ros2_bridge/local_setup.sh
[0.384s] -- Up-to-date: /home/dss/ros2_ws/install/dss_ros2_bridge/share/dss_ros2_bridge/local_setup.zsh
[0.384s] -- Up-to-date: /home/dss/ros2_ws/install/dss_ros2_bridge/share/dss_ros2_bridge/local_setup.dsv
[0.384s] -- Installing: /home/dss/ros2_ws/install/dss_ros2_bridge/share/dss_ros2_bridge/package.dsv
[0.384s] -- Up-to-date: /home/dss/ros2_ws/install/dss_ros2_bridge/share/ament_index/resource_index/packages/dss_ros2_bridge
[0.384s] -- Up-to-date: /home/dss/ros2_ws/install/dss_ros2_bridge/share/dss_ros2_bridge/cmake/export_dss_ros2_bridge__rosidl_generator_cExport.cmake
[0.384s] -- Up-to-date: /home/dss/ros2_ws/install/dss_ros2_bridge/share/dss_ros2_bridge/cmake/export_dss_ros2_bridge__rosidl_generator_cExport-noconfig.cmake
[0.384s] -- Up-to-date: /home/dss/ros2_ws/install/dss_ros2_bridge/share/dss_ros2_bridge/cmake/export_dss_ros2_bridge__rosidl_typesupport_fastrtps_cExport.cmake
[0.384s] -- Up-to-date: /home/dss/ros2_ws/install/dss_ros2_bridge/share/dss_ros2_bridge/cmake/export_dss_ros2_bridge__rosidl_typesupport_fastrtps_cExport-noconfig.cmake
[0.384s] -- Up-to-date: /home/dss/ros2_ws/install/dss_ros2_bridge/share/dss_ros2_bridge/cmake/export_dss_ros2_bridge__rosidl_generator_cppExport.cmake
[0.384s] -- Up-to-date: /home/dss/ros2_ws/install/dss_ros2_bridge/share/dss_ros2_bridge/cmake/export_dss_ros2_bridge__rosidl_typesupport_fastrtps_cppExport.cmake
[0.384s] -- Up-to-date: /home/dss/ros2_ws/install/dss_ros2_bridge/share/dss_ros2_bridge/cmake/export_dss_ros2_bridge__rosidl_typesupport_fastrtps_cppExport-noconfig.cmake
[0.384s] -- Up-to-date: /home/dss/ros2_ws/install/dss_ros2_bridge/share/dss_ros2_bridge/cmake/dss_ros2_bridge__rosidl_typesupport_introspection_cExport.cmake
[0.384s] -- Up-to-date: /home/dss/ros2_ws/install/dss_ros2_bridge/share/dss_ros2_bridge/cmake/dss_ros2_bridge__rosidl_typesupport_introspection_cExport-noconfig.cmake
[0.384s] -- Up-to-date: /home/dss/ros2_ws/install/dss_ros2_bridge/share/dss_ros2_bridge/cmake/dss_ros2_bridge__rosidl_typesupport_cExport.cmake
[0.384s] -- Up-to-date: /home/dss/ros2_ws/install/dss_ros2_bridge/share/dss_ros2_bridge/cmake/dss_ros2_bridge__rosidl_typesupport_cExport-noconfig.cmake
[0.384s] -- Up-to-date: /home/dss/ros2_ws/install/dss_ros2_bridge/share/dss_ros2_bridge/cmake/dss_ros2_bridge__rosidl_typesupport_introspection_cppExport.cmake
[0.384s] -- Up-to-date: /home/dss/ros2_ws/install/dss_ros2_bridge/share/dss_ros2_bridge/cmake/dss_ros2_bridge__rosidl_typesupport_introspection_cppExport-noconfig.cmake
[0.384s] -- Up-to-date: /home/dss/ros2_ws/install/dss_ros2_bridge/share/dss_ros2_bridge/cmake/dss_ros2_bridge__rosidl_typesupport_cppExport.cmake
[0.384s] -- Up-to-date: /home/dss/ros2_ws/install/dss_ros2_bridge/share/dss_ros2_bridge/cmake/dss_ros2_bridge__rosidl_typesupport_cppExport-noconfig.cmake
[0.384s] -- Up-to-date: /home/dss/ros2_ws/install/dss_ros2_bridge/share/dss_ros2_bridge/cmake/export_dss_ros2_bridge__rosidl_generator_pyExport.cmake
[0.384s] -- Up-to-date: /home/dss/ros2_ws/install/dss_ros2_bridge/share/dss_ros2_bridge/cmake/export_dss_ros2_bridge__rosidl_generator_pyExport-noconfig.cmake
[0.384s] -- Up-to-date: /home/dss/ros2_ws/install/dss_ros2_bridge/share/dss_ros2_bridge/cmake/rosidl_cmake-extras.cmake
[0.384s] -- Up-to-date: /home/dss/ros2_ws/install/dss_ros2_bridge/share/dss_ros2_bridge/cmake/ament_cmake_export_include_directories-extras.cmake
[0.384s] -- Up-to-date: /home/dss/ros2_ws/install/dss_ros2_bridge/share/dss_ros2_bridge/cmake/ament_cmake_export_libraries-extras.cmake
[0.384s] -- Up-to-date: /home/dss/ros2_ws/install/dss_ros2_bridge/share/dss_ros2_bridge/cmake/ament_cmake_export_targets-extras.cmake
[0.384s] -- Up-to-date: /home/dss/ros2_ws/install/dss_ros2_bridge/share/dss_ros2_bridge/cmake/rosidl_cmake_export_typesupport_targets-extras.cmake
[0.384s] -- Up-to-date: /home/dss/ros2_ws/install/dss_ros2_bridge/share/dss_ros2_bridge/cmake/ament_cmake_export_dependencies-extras.cmake
[0.385s] -- Up-to-date: /home/dss/ros2_ws/install/dss_ros2_bridge/share/dss_ros2_bridge/cmake/rosidl_cmake_export_typesupport_libraries-extras.cmake
[0.385s] -- Up-to-date: /home/dss/ros2_ws/install/dss_ros2_bridge/share/dss_ros2_bridge/cmake/dss_ros2_bridgeConfig.cmake
[0.385s] -- Up-to-date: /home/dss/ros2_ws/install/dss_ros2_bridge/share/dss_ros2_bridge/cmake/dss_ros2_bridgeConfig-version.cmake
[0.385s] -- Up-to-date: /home/dss/ros2_ws/install/dss_ros2_bridge/share/dss_ros2_bridge/package.xml
[0.386s] Invoked command in '/home/dss/ros2_ws/build/dss_ros2_bridge' returned '0': CMAKE_PREFIX_PATH=/opt/ros/humble /usr/bin/cmake --install /home/dss/ros2_ws/build/dss_ros2_bridge
